[     113ms] [LOG] [Fast Refresh] rebuilding @ http://localhost:3000/_next/static/chunks/8f226_next_dist_53dface4._.js:2297
[     126ms] [LOG] [Fast Refresh] done in 112ms @ http://localhost:3000/_next/static/chunks/8f226_next_dist_53dface4._.js:2297
[     331ms] [INFO] %cDownload the React DevTools for a better development experience: https://react.dev/link/react-devtools font-weight:bold @ http://localhost:3000/_next/static/chunks/8f226_next_dist_53dface4._.js:2297
[     364ms] [LOG] [HMR] connected @ http://localhost:3000/_next/static/chunks/8f226_next_dist_53dface4._.js:2297
[     689ms] [LOG] %c[Vercel Web Analytics]%c Debug mode is enabled by default in development. No requests will be sent to the server. color: rgb(120, 120, 120) color: inherit @ http://localhost:3000/_next/static/chunks/8f226_next_dist_53dface4._.js:2297
[     689ms] [LOG] %c[Vercel Web Analytics]%c Running queued event color: rgb(120, 120, 120) color: inherit pageview {route: /preview, path: /preview} @ http://localhost:3000/_next/static/chunks/8f226_next_dist_53dface4._.js:2297
[     690ms] [LOG] %c[Vercel Web Analytics]%c [view] http://localhost:3000/preview color: rgb(120, 120, 120) color: inherit {o: http://localhost:3000/preview, sv: 0.1.3, sdkn: @vercel/analytics/next, sdkv: 1.6.1, ts: 1776683376399} /_vercel/insights/view @ http://localhost:3000/_next/static/chunks/8f226_next_dist_53dface4._.js:2297
[     710ms] [LOG] [Fast Refresh] rebuilding @ http://localhost:3000/_next/static/chunks/8f226_next_dist_53dface4._.js:2297
[     832ms] [LOG] [Fast Refresh] done in 227ms @ http://localhost:3000/_next/static/chunks/8f226_next_dist_53dface4._.js:2297
[    3657ms] [LOG] [Fast Refresh] rebuilding @ http://localhost:3000/_next/static/chunks/8f226_next_dist_53dface4._.js:2297
[    3712ms] [LOG] [Fast Refresh] done in 157ms @ http://localhost:3000/_next/static/chunks/8f226_next_dist_53dface4._.js:2297
[  124159ms] [LOG] [Fast Refresh] rebuilding @ http://localhost:3000/_next/static/chunks/8f226_next_dist_53dface4._.js:2297
[  124423ms] [LOG] [Fast Refresh] done in 275ms @ http://localhost:3000/_next/static/chunks/8f226_next_dist_53dface4._.js:2297
[  134793ms] [LOG] [Fast Refresh] rebuilding @ http://localhost:3000/_next/static/chunks/8f226_next_dist_53dface4._.js:2297
[  135098ms] [LOG] [Fast Refresh] done in 275ms @ http://localhost:3000/_next/static/chunks/8f226_next_dist_53dface4._.js:2297
[  146199ms] [LOG] [Fast Refresh] rebuilding @ http://localhost:3000/_next/static/chunks/8f226_next_dist_53dface4._.js:2297
[  146586ms] [LOG] [Fast Refresh] done in 356ms @ http://localhost:3000/_next/static/chunks/8f226_next_dist_53dface4._.js:2297
[  154507ms] [LOG] [Fast Refresh] rebuilding @ http://localhost:3000/_next/static/chunks/8f226_next_dist_53dface4._.js:2297
[  154793ms] [LOG] [Fast Refresh] done in 302ms @ http://localhost:3000/_next/static/chunks/8f226_next_dist_53dface4._.js:2297
[  165907ms] [LOG] [Fast Refresh] rebuilding @ http://localhost:3000/_next/static/chunks/8f226_next_dist_53dface4._.js:2297
[  166415ms] [LOG] [Fast Refresh] done in 448ms @ http://localhost:3000/_next/static/chunks/8f226_next_dist_53dface4._.js:2297
[  166782ms] [INFO] %cDownload the React DevTools for a better development experience: https://react.dev/link/react-devtools font-weight:bold @ http://localhost:3000/_next/static/chunks/8f226_next_dist_53dface4._.js:2297
[  166900ms] [LOG] [HMR] connected @ http://localhost:3000/_next/static/chunks/8f226_next_dist_53dface4._.js:2297
[  167390ms] [LOG] %c[Vercel Web Analytics]%c Debug mode is enabled by default in development. No requests will be sent to the server. color: rgb(120, 120, 120) color: inherit @ http://localhost:3000/_next/static/chunks/8f226_next_dist_53dface4._.js:2297
[  167390ms] [LOG] %c[Vercel Web Analytics]%c Running queued event color: rgb(120, 120, 120) color: inherit pageview {route: /preview, path: /preview} @ http://localhost:3000/_next/static/chunks/8f226_next_dist_53dface4._.js:2297
[  167391ms] [LOG] %c[Vercel Web Analytics]%c [view] http://localhost:3000/preview color: rgb(120, 120, 120) color: inherit {o: http://localhost:3000/preview, sv: 0.1.3, sdkn: @vercel/analytics/next, sdkv: 1.6.1, ts: 1776683543100} /_vercel/insights/view @ http://localhost:3000/_next/static/chunks/8f226_next_dist_53dface4._.js:2297
[  180767ms] [LOG] [Fast Refresh] rebuilding @ http://localhost:3000/_next/static/chunks/8f226_next_dist_53dface4._.js:2297
[  180956ms] [LOG] [Fast Refresh] done in 229ms @ http://localhost:3000/_next/static/chunks/8f226_next_dist_53dface4._.js:2297
[  201945ms] [LOG] [Fast Refresh] rebuilding @ http://localhost:3000/_next/static/chunks/8f226_next_dist_53dface4._.js:2297
[  202101ms] [LOG] [Fast Refresh] done in 229ms @ http://localhost:3000/_next/static/chunks/8f226_next_dist_53dface4._.js:2297
[  202434ms] TypeError: Cannot read properties of undefined (reading 'appendChild')
    at NewClass.onAdd (http://localhost:3000/_next/static/chunks/8f226_0aa22d8a._.js:10293:27)
    at NewClass._layerAdd (http://localhost:3000/_next/static/chunks/8f226_0aa22d8a._.js:5656:18)
    at NewClass.whenReady (http://localhost:3000/_next/static/chunks/8f226_0aa22d8a._.js:3812:26)
    at NewClass.addLayer (http://localhost:3000/_next/static/chunks/8f226_0aa22d8a._.js:5708:18)
    at NewClass.getRenderer (http://localhost:3000/_next/static/chunks/8f226_0aa22d8a._.js:11051:22)
    at NewClass.beforeAdd (http://localhost:3000/_next/static/chunks/8f226_0aa22d8a._.js:6694:34)
    at NewClass.addLayer (http://localhost:3000/_next/static/chunks/8f226_0aa22d8a._.js:5706:23)
    at NewClass.eachLayer (http://localhost:3000/_next/static/chunks/8f226_0aa22d8a._.js:5887:24)
    at NewClass.onAdd (http://localhost:3000/_next/static/chunks/8f226_0aa22d8a._.js:5873:18)
    at NewClass._layerAdd (http://localhost:3000/_next/static/chunks/8f226_0aa22d8a._.js:5656:18)
    at NewClass.whenReady (http://localhost:3000/_next/static/chunks/8f226_0aa22d8a._.js:3812:26)
    at NewClass.addLayer (http://localhost:3000/_next/static/chunks/8f226_0aa22d8a._.js:5708:18)
    at addLayer (http://localhost:3000/_next/static/chunks/8f226_0aa22d8a._.js:12289:19)
    at Object.react_stack_bottom_frame (http://localhost:3000/_next/static/chunks/8f226_next_dist_compiled_react-dom_547abd0f._.js:14876:22)
    at runWithFiberInDEV (http://localhost:3000/_next/static/chunks/8f226_next_dist_compiled_react-dom_547abd0f._.js:965:74)
    at commitHookEffectListMount (http://localhost:3000/_next/static/chunks/8f226_next_dist_compiled_react-dom_547abd0f._.js:7266:167)
    at commitHookPassiveMountEffects (http://localhost:3000/_next/static/chunks/8f226_next_dist_compiled_react-dom_547abd0f._.js:7301:60)
    at reconnectPassiveEffects (http://localhost:3000/_next/static/chunks/8f226_next_dist_compiled_react-dom_547abd0f._.js:8786:17)
    at recursivelyTraverseReconnectPassiveEffects (http://localhost:3000/_next/static/chunks/8f226_next_dist_compiled_react-dom_547abd0f._.js:8773:13)
    at reconnectPassiveEffects (http://localhost:3000/_next/static/chunks/8f226_next_dist_compiled_react-dom_547abd0f._.js:8800:17)
    at recursivelyTraverseReconnectPassiveEffects (http://localhost:3000/_next/static/chunks/8f226_next_dist_compiled_react-dom_547abd0f._.js:8773:13)
    at reconnectPassiveEffects (http://localhost:3000/_next/static/chunks/8f226_next_dist_compiled_react-dom_547abd0f._.js:8800:17)
    at recursivelyTraverseReconnectPassiveEffects (http://localhost:3000/_next/static/chunks/8f226_next_dist_compiled_react-dom_547abd0f._.js:8773:13)
    at reconnectPassiveEffects (http://localhost:3000/_next/static/chunks/8f226_next_dist_compiled_react-dom_547abd0f._.js:8785:17)
    at recursivelyTraverseReconnectPassiveEffects (http://localhost:3000/_next/static/chunks/8f226_next_dist_compiled_react-dom_547abd0f._.js:8773:13)
    at reconnectPassiveEffects (http://localhost:3000/_next/static/chunks/8f226_next_dist_compiled_react-dom_547abd0f._.js:8785:17)
    at recursivelyTraverseReconnectPassiveEffects (http://localhost:3000/_next/static/chunks/8f226_next_dist_compiled_react-dom_547abd0f._.js:8773:13)
    at reconnectPassiveEffects (http://localhost:3000/_next/static/chunks/8f226_next_dist_compiled_react-dom_547abd0f._.js:8785:17)
    at recursivelyTraverseReconnectPassiveEffects (http://localhost:3000/_next/static/chunks/8f226_next_dist_compiled_react-dom_547abd0f._.js:8773:13)
    at reconnectPassiveEffects (http://localhost:3000/_next/static/chunks/8f226_next_dist_compiled_react-dom_547abd0f._.js:8792:443)
    at doubleInvokeEffectsOnFiber (http://localhost:3000/_next/static/chunks/8f226_next_dist_compiled_react-dom_547abd0f._.js:10092:133)
    at runWithFiberInDEV (http://localhost:3000/_next/static/chunks/8f226_next_dist_compiled_react-dom_547abd0f._.js:965:131)
    at recursivelyTraverseAndDoubleInvokeEffectsInDEV (http://localhost:3000/_next/static/chunks/8f226_next_dist_compiled_react-dom_547abd0f._.js:10085:303)
    at recursivelyTraverseAndDoubleInvokeEffectsInDEV (http://localhost:3000/_next/static/chunks/8f226_next_dist_compiled_react-dom_547abd0f._.js:10085:147)
    at recursivelyTraverseAndDoubleInvokeEffectsInDEV (http://localhost:3000/_next/static/chunks/8f226_next_dist_compiled_react-dom_547abd0f._.js:10085:147)
    at recursivelyTraverseAndDoubleInvokeEffectsInDEV (http://localhost:3000/_next/static/chunks/8f226_next_dist_compiled_react-dom_547abd0f._.js:10085:147)
    at recursivelyTraverseAndDoubleInvokeEffectsInDEV (http://localhost:3000/_next/static/chunks/8f226_next_dist_compiled_react-dom_547abd0f._.js:10085:147)
    at recursivelyTraverseAndDoubleInvokeEffectsInDEV (http://localhost:3000/_next/static/chunks/8f226_next_dist_compiled_react-dom_547abd0f._.js:10085:147)
    at recursivelyTraverseAndDoubleInvokeEffectsInDEV (http://localhost:3000/_next/static/chunks/8f226_next_dist_compiled_react-dom_547abd0f._.js:10085:147)
    at recursivelyTraverseAndDoubleInvokeEffectsInDEV (http://localhost:3000/_next/static/chunks/8f226_next_dist_compiled_react-dom_547abd0f._.js:10085:147)
    at recursivelyTraverseAndDoubleInvokeEffectsInDEV (http://localhost:3000/_next/static/chunks/8f226_next_dist_compiled_react-dom_547abd0f._.js:10085:147)
    at recursivelyTraverseAndDoubleInvokeEffectsInDEV (http://localhost:3000/_next/static/chunks/8f226_next_dist_compiled_react-dom_547abd0f._.js:10085:147)
    at recursivelyTraverseAndDoubleInvokeEffectsInDEV (http://localhost:3000/_next/static/chunks/8f226_next_dist_compiled_react-dom_547abd0f._.js:10085:147)
    at recursivelyTraverseAndDoubleInvokeEffectsInDEV (http://localhost:3000/_next/static/chunks/8f226_next_dist_compiled_react-dom_547abd0f._.js:10085:147)
    at recursivelyTraverseAndDoubleInvokeEffectsInDEV (http://localhost:3000/_next/static/chunks/8f226_next_dist_compiled_react-dom_547abd0f._.js:10085:147)
    at recursivelyTraverseAndDoubleInvokeEffectsInDEV (http://localhost:3000/_next/static/chunks/8f226_next_dist_compiled_react-dom_547abd0f._.js:10085:147)
    at recursivelyTraverseAndDoubleInvokeEffectsInDEV (http://localhost:3000/_next/static/chunks/8f226_next_dist_compiled_react-dom_547abd0f._.js:10085:147)
    at recursivelyTraverseAndDoubleInvokeEffectsInDEV (http://localhost:3000/_next/static/chunks/8f226_next_dist_compiled_react-dom_547abd0f._.js:10085:147)
    at recursivelyTraverseAndDoubleInvokeEffectsInDEV (http://localhost:3000/_next/static/chunks/8f226_next_dist_compiled_react-dom_547abd0f._.js:10085:147)
    at recursivelyTraverseAndDoubleInvokeEffectsInDEV (http://localhost:3000/_next/static/chunks/8f226_next_dist_compiled_react-dom_547abd0f._.js:10085:147)
[  202437ms] Error: Map container is being reused by another instance
    at NewClass.remove (http://localhost:3000/_next/static/chunks/8f226_0aa22d8a._.js:3209:23)
    at MapContainerComponent.useEffect (http://localhost:3000/_next/static/chunks/8f226_0aa22d8a._.js:12005:34)
    at Object.react_stack_bottom_frame (http://localhost:3000/_next/static/chunks/8f226_next_dist_compiled_react-dom_547abd0f._.js:14882:17)
    at runWithFiberInDEV (http://localhost:3000/_next/static/chunks/8f226_next_dist_compiled_react-dom_547abd0f._.js:965:74)
    at commitHookEffectListUnmount (http://localhost:3000/_next/static/chunks/8f226_next_dist_compiled_react-dom_547abd0f._.js:7291:166)
    at commitHookPassiveUnmountEffects (http://localhost:3000/_next/static/chunks/8f226_next_dist_compiled_react-dom_547abd0f._.js:7304:60)
    at commitPassiveUnmountEffectsInsideOfDeletedTree_begin (http://localhost:3000/_next/static/chunks/8f226_next_dist_compiled_react-dom_547abd0f._.js:8964:21)
    at recursivelyTraversePassiveUnmountEffects (http://localhost:3000/_next/static/chunks/8f226_next_dist_compiled_react-dom_547abd0f._.js:8881:17)
    at commitPassiveUnmountOnFiber (http://localhost:3000/_next/static/chunks/8f226_next_dist_compiled_react-dom_547abd0f._.js:8913:17)
    at recursivelyTraversePassiveUnmountEffects (http://localhost:3000/_next/static/chunks/8f226_next_dist_compiled_react-dom_547abd0f._.js:8887:106)
    at commitPassiveUnmountOnFiber (http://localhost:3000/_next/static/chunks/8f226_next_dist_compiled_react-dom_547abd0f._.js:8895:17)
    at recursivelyTraversePassiveUnmountEffects (http://localhost:3000/_next/static/chunks/8f226_next_dist_compiled_react-dom_547abd0f._.js:8887:106)
    at commitPassiveUnmountOnFiber (http://localhost:3000/_next/static/chunks/8f226_next_dist_compiled_react-dom_547abd0f._.js:8913:17)
    at recursivelyTraversePassiveUnmountEffects (http://localhost:3000/_next/static/chunks/8f226_next_dist_compiled_react-dom_547abd0f._.js:8887:106)
    at commitPassiveUnmountOnFiber (http://localhost:3000/_next/static/chunks/8f226_next_dist_compiled_react-dom_547abd0f._.js:8913:17)
    at recursivelyTraversePassiveUnmountEffects (http://localhost:3000/_next/static/chunks/8f226_next_dist_compiled_react-dom_547abd0f._.js:8887:106)
    at commitPassiveUnmountOnFiber (http://localhost:3000/_next/static/chunks/8f226_next_dist_compiled_react-dom_547abd0f._.js:8913:17)
    at recursivelyTraversePassiveUnmountEffects (http://localhost:3000/_next/static/chunks/8f226_next_dist_compiled_react-dom_547abd0f._.js:8887:106)
    at commitPassiveUnmountOnFiber (http://localhost:3000/_next/static/chunks/8f226_next_dist_compiled_react-dom_547abd0f._.js:8913:17)
    at recursivelyTraversePassiveUnmountEffects (http://localhost:3000/_next/static/chunks/8f226_next_dist_compiled_react-dom_547abd0f._.js:8887:106)
    at commitPassiveUnmountOnFiber (http://localhost:3000/_next/static/chunks/8f226_next_dist_compiled_react-dom_547abd0f._.js:8913:17)
    at recursivelyTraversePassiveUnmountEffects (http://localhost:3000/_next/static/chunks/8f226_next_dist_compiled_react-dom_547abd0f._.js:8887:106)
    at commitPassiveUnmountOnFiber (http://localhost:3000/_next/static/chunks/8f226_next_dist_compiled_react-dom_547abd0f._.js:8913:17)
    at recursivelyTraversePassiveUnmountEffects (http://localhost:3000/_next/static/chunks/8f226_next_dist_compiled_react-dom_547abd0f._.js:8887:106)
    at commitPassiveUnmountOnFiber (http://localhost:3000/_next/static/chunks/8f226_next_dist_compiled_react-dom_547abd0f._.js:8913:17)
    at recursivelyTraversePassiveUnmountEffects (http://localhost:3000/_next/static/chunks/8f226_next_dist_compiled_react-dom_547abd0f._.js:8887:106)
    at commitPassiveUnmountOnFiber (http://localhost:3000/_next/static/chunks/8f226_next_dist_compiled_react-dom_547abd0f._.js:8895:17)
    at recursivelyTraversePassiveUnmountEffects (http://localhost:3000/_next/static/chunks/8f226_next_dist_compiled_react-dom_547abd0f._.js:8887:106)
    at commitPassiveUnmountOnFiber (http://localhost:3000/_next/static/chunks/8f226_next_dist_compiled_react-dom_547abd0f._.js:8913:17)
    at recursivelyTraversePassiveUnmountEffects (http://localhost:3000/_next/static/chunks/8f226_next_dist_compiled_react-dom_547abd0f._.js:8887:106)
    at commitPassiveUnmountOnFiber (http://localhost:3000/_next/static/chunks/8f226_next_dist_compiled_react-dom_547abd0f._.js:8895:17)
    at recursivelyTraversePassiveUnmountEffects (http://localhost:3000/_next/static/chunks/8f226_next_dist_compiled_react-dom_547abd0f._.js:8887:106)
    at commitPassiveUnmountOnFiber (http://localhost:3000/_next/static/chunks/8f226_next_dist_compiled_react-dom_547abd0f._.js:8895:17)
    at recursivelyTraversePassiveUnmountEffects (http://localhost:3000/_next/static/chunks/8f226_next_dist_compiled_react-dom_547abd0f._.js:8887:106)
    at commitPassiveUnmountOnFiber (http://localhost:3000/_next/static/chunks/8f226_next_dist_compiled_react-dom_547abd0f._.js:8895:17)
    at recursivelyTraversePassiveUnmountEffects (http://localhost:3000/_next/static/chunks/8f226_next_dist_compiled_react-dom_547abd0f._.js:8887:106)
    at commitPassiveUnmountOnFiber (http://localhost:3000/_next/static/chunks/8f226_next_dist_compiled_react-dom_547abd0f._.js:8913:17)
    at recursivelyTraversePassiveUnmountEffects (http://localhost:3000/_next/static/chunks/8f226_next_dist_compiled_react-dom_547abd0f._.js:8887:106)
    at commitPassiveUnmountOnFiber (http://localhost:3000/_next/static/chunks/8f226_next_dist_compiled_react-dom_547abd0f._.js:8895:17)
    at recursivelyTraversePassiveUnmountEffects (http://localhost:3000/_next/static/chunks/8f226_next_dist_compiled_react-dom_547abd0f._.js:8887:106)
    at commitPassiveUnmountOnFiber (http://localhost:3000/_next/static/chunks/8f226_next_dist_compiled_react-dom_547abd0f._.js:8895:17)
    at recursivelyTraversePassiveUnmountEffects (http://localhost:3000/_next/static/chunks/8f226_next_dist_compiled_react-dom_547abd0f._.js:8887:106)
    at commitPassiveUnmountOnFiber (http://localhost:3000/_next/static/chunks/8f226_next_dist_compiled_react-dom_547abd0f._.js:8913:17)
    at recursivelyTraversePassiveUnmountEffects (http://localhost:3000/_next/static/chunks/8f226_next_dist_compiled_react-dom_547abd0f._.js:8887:106)
    at commitPassiveUnmountOnFiber (http://localhost:3000/_next/static/chunks/8f226_next_dist_compiled_react-dom_547abd0f._.js:8913:17)
    at recursivelyTraversePassiveUnmountEffects (http://localhost:3000/_next/static/chunks/8f226_next_dist_compiled_react-dom_547abd0f._.js:8887:106)
    at commitPassiveUnmountOnFiber (http://localhost:3000/_next/static/chunks/8f226_next_dist_compiled_react-dom_547abd0f._.js:8900:17)
    at flushPassiveEffects (http://localhost:3000/_next/static/chunks/8f226_next_dist_compiled_react-dom_547abd0f._.js:9971:13)
    at flushPendingEffects (http://localhost:3000/_next/static/chunks/8f226_next_dist_compiled_react-dom_547abd0f._.js:9936:16)
    at flushSpawnedWork (http://localhost:3000/_next/static/chunks/8f226_next_dist_compiled_react-dom_547abd0f._.js:9909:48)
[  304112ms] [LOG] [Fast Refresh] rebuilding @ http://localhost:3000/_next/static/chunks/8f226_next_dist_53dface4._.js:2297
[  304243ms] [WARNING] [Fast Refresh] performing full reload because your application had an unrecoverable error @ http://localhost:3000/_next/static/chunks/8f226_next_dist_53dface4._.js:2297
[  304249ms] [LOG] %c[Vercel Web Analytics]%c [view] http://localhost:3000/preview color: rgb(120, 120, 120) color: inherit {o: http://localhost:3000/preview, sv: 0.1.3, sdkn: @vercel/analytics/next, sdkv: 1.6.1, ts: 1776683679959} /_vercel/insights/view @ http://localhost:3000/_next/static/chunks/8f226_next_dist_53dface4._.js:2297
[  304388ms] [LOG] [Fast Refresh] done in 231ms @ http://localhost:3000/_next/static/chunks/8f226_next_dist_53dface4._.js:2297
[  304558ms] [INFO] %cDownload the React DevTools for a better development experience: https://react.dev/link/react-devtools font-weight:bold @ http://localhost:3000/_next/static/chunks/8f226_next_dist_53dface4._.js:2297
[  304598ms] [LOG] [HMR] connected @ http://localhost:3000/_next/static/chunks/8f226_next_dist_53dface4._.js:2297
[  304807ms] [LOG] %c[Vercel Web Analytics]%c Debug mode is enabled by default in development. No requests will be sent to the server. color: rgb(120, 120, 120) color: inherit @ http://localhost:3000/_next/static/chunks/8f226_next_dist_53dface4._.js:2297
[  304807ms] [LOG] %c[Vercel Web Analytics]%c Running queued event color: rgb(120, 120, 120) color: inherit pageview {route: /preview, path: /preview} @ http://localhost:3000/_next/static/chunks/8f226_next_dist_53dface4._.js:2297
[  304807ms] [LOG] %c[Vercel Web Analytics]%c [view] http://localhost:3000/preview color: rgb(120, 120, 120) color: inherit {o: http://localhost:3000/preview, sv: 0.1.3, sdkn: @vercel/analytics/next, sdkv: 1.6.1, ts: 1776683680517} /_vercel/insights/view @ http://localhost:3000/_next/static/chunks/8f226_next_dist_53dface4._.js:2297
[  307966ms] [LOG] [Fast Refresh] rebuilding @ http://localhost:3000/_next/static/chunks/8f226_next_dist_53dface4._.js:2297
[  308069ms] [LOG] [Fast Refresh] done in 178ms @ http://localhost:3000/_next/static/chunks/8f226_next_dist_53dface4._.js:2297
[  311835ms] [LOG] [Fast Refresh] rebuilding @ http://localhost:3000/_next/static/chunks/8f226_next_dist_53dface4._.js:2297
[  311925ms] [LOG] [Fast Refresh] done in 165ms @ http://localhost:3000/_next/static/chunks/8f226_next_dist_53dface4._.js:2297
[  331270ms] [LOG] [Fast Refresh] rebuilding @ http://localhost:3000/_next/static/chunks/8f226_next_dist_53dface4._.js:2297
[  331469ms] [LOG] [Fast Refresh] done in 211ms @ http://localhost:3000/_next/static/chunks/8f226_next_dist_53dface4._.js:2297
[  339143ms] [LOG] [Fast Refresh] rebuilding @ http://localhost:3000/_next/static/chunks/8f226_next_dist_53dface4._.js:2297
[  339226ms] [ERROR] The final argument passed to %s changed size between renders. The order and size of this array must remain constant.

Previous: %s
Incoming: %s useEffect [, , standard] [, , standard, dark] @ http://localhost:3000/_next/static/chunks/8f226_next_dist_53dface4._.js:3127
[  339255ms] [LOG] [Fast Refresh] done in 181ms @ http://localhost:3000/_next/static/chunks/8f226_next_dist_53dface4._.js:2297
[  343429ms] [LOG] [Fast Refresh] rebuilding @ http://localhost:3000/_next/static/chunks/8f226_next_dist_53dface4._.js:2297
[  343542ms] [LOG] [Fast Refresh] done in 187ms @ http://localhost:3000/_next/static/chunks/8f226_next_dist_53dface4._.js:2297
[  347924ms] [LOG] [Fast Refresh] rebuilding @ http://localhost:3000/_next/static/chunks/8f226_next_dist_53dface4._.js:2297
[  347991ms] [ERROR] The final argument passed to %s changed size between renders. The order and size of this array must remain constant.

Previous: %s
Incoming: %s useEffect [[object Map], , , standard] [[object Map], , , standard, dark] @ http://localhost:3000/_next/static/chunks/8f226_next_dist_53dface4._.js:3127
[  348058ms] [LOG] [Fast Refresh] done in 165ms @ http://localhost:3000/_next/static/chunks/8f226_next_dist_53dface4._.js:2297
[  353676ms] [LOG] [Fast Refresh] rebuilding @ http://localhost:3000/_next/static/chunks/8f226_next_dist_53dface4._.js:2297
[  353768ms] [LOG] [Fast Refresh] done in 166ms @ http://localhost:3000/_next/static/chunks/8f226_next_dist_53dface4._.js:2297
[  371265ms] [LOG] [Fast Refresh] rebuilding @ http://localhost:3000/_next/static/chunks/8f226_next_dist_53dface4._.js:2297
[  372732ms] [LOG] [Fast Refresh] done in 1566ms @ http://localhost:3000/_next/static/chunks/8f226_next_dist_53dface4._.js:2297
[  649241ms] [LOG] [Fast Refresh] rebuilding @ http://localhost:3000/_next/static/chunks/8f226_next_dist_53dface4._.js:2297
[  649383ms] [LOG] [Fast Refresh] done in 241ms @ http://localhost:3000/_next/static/chunks/8f226_next_dist_53dface4._.js:2297
[  811743ms] [LOG] [Fast Refresh] rebuilding @ http://localhost:3000/_next/static/chunks/8f226_next_dist_53dface4._.js:2297
[  811961ms] [LOG] [Fast Refresh] done in 245ms @ http://localhost:3000/_next/static/chunks/8f226_next_dist_53dface4._.js:2297
[  817254ms] [LOG] [Fast Refresh] rebuilding @ http://localhost:3000/_next/static/chunks/8f226_next_dist_53dface4._.js:2297
[  817417ms] [LOG] [Fast Refresh] done in 202ms @ http://localhost:3000/_next/static/chunks/8f226_next_dist_53dface4._.js:2297
[  824931ms] [LOG] [Fast Refresh] rebuilding @ http://localhost:3000/_next/static/chunks/8f226_next_dist_53dface4._.js:2297
[  825046ms] [LOG] [Fast Refresh] done in 185ms @ http://localhost:3000/_next/static/chunks/8f226_next_dist_53dface4._.js:2297
[  828523ms] [LOG] [Fast Refresh] rebuilding @ http://localhost:3000/_next/static/chunks/8f226_next_dist_53dface4._.js:2297
[  828600ms] [LOG] [Fast Refresh] done in 151ms @ http://localhost:3000/_next/static/chunks/8f226_next_dist_53dface4._.js:2297
[  834861ms] [LOG] [Fast Refresh] rebuilding @ http://localhost:3000/_next/static/chunks/8f226_next_dist_53dface4._.js:2297
[  835142ms] [LOG] [Fast Refresh] done in 241ms @ http://localhost:3000/_next/static/chunks/8f226_next_dist_53dface4._.js:2297
[  877986ms] [LOG] [Fast Refresh] rebuilding @ http://localhost:3000/_next/static/chunks/8f226_next_dist_53dface4._.js:2297
[  879604ms] [LOG] [Fast Refresh] done in 1718ms @ http://localhost:3000/_next/static/chunks/8f226_next_dist_53dface4._.js:2297
[  887789ms] [LOG] [Fast Refresh] rebuilding @ http://localhost:3000/_next/static/chunks/8f226_next_dist_53dface4._.js:2297
[  887802ms] [LOG] [Fast Refresh] done in 113ms @ http://localhost:3000/_next/static/chunks/8f226_next_dist_53dface4._.js:2297
[ 1022488ms] [LOG] [Fast Refresh] rebuilding @ http://localhost:3000/_next/static/chunks/8f226_next_dist_53dface4._.js:2297
[ 1022974ms] [LOG] [Fast Refresh] done in 416ms @ http://localhost:3000/_next/static/chunks/8f226_next_dist_53dface4._.js:2297
[ 1028175ms] [LOG] [Fast Refresh] rebuilding @ http://localhost:3000/_next/static/chunks/8f226_next_dist_53dface4._.js:2297
[ 1028929ms] [LOG] [Fast Refresh] done in 644ms @ http://localhost:3000/_next/static/chunks/8f226_next_dist_53dface4._.js:2297
[ 1029333ms] [INFO] %cDownload the React DevTools for a better development experience: https://react.dev/link/react-devtools font-weight:bold @ http://localhost:3000/_next/static/chunks/8f226_next_dist_53dface4._.js:2297
[ 1029395ms] [LOG] [HMR] connected @ http://localhost:3000/_next/static/chunks/8f226_next_dist_53dface4._.js:2297
[ 1029850ms] [LOG] %c[Vercel Web Analytics]%c Debug mode is enabled by default in development. No requests will be sent to the server. color: rgb(120, 120, 120) color: inherit @ http://localhost:3000/_next/static/chunks/8f226_next_dist_53dface4._.js:2297
[ 1029851ms] [LOG] %c[Vercel Web Analytics]%c Running queued event color: rgb(120, 120, 120) color: inherit pageview {route: /preview, path: /preview} @ http://localhost:3000/_next/static/chunks/8f226_next_dist_53dface4._.js:2297
[ 1029851ms] [LOG] %c[Vercel Web Analytics]%c [view] http://localhost:3000/preview color: rgb(120, 120, 120) color: inherit {o: http://localhost:3000/preview, sv: 0.1.3, sdkn: @vercel/analytics/next, sdkv: 1.6.1, ts: 1776684405560} /_vercel/insights/view @ http://localhost:3000/_next/static/chunks/8f226_next_dist_53dface4._.js:2297
[ 1032397ms] [LOG] [Fast Refresh] rebuilding @ http://localhost:3000/_next/static/chunks/8f226_next_dist_53dface4._.js:2297
[ 1032765ms] [LOG] [Fast Refresh] done in 348ms @ http://localhost:3000/_next/static/chunks/8f226_next_dist_53dface4._.js:2297
[ 1032938ms] [LOG] [Fast Refresh] rebuilding @ http://localhost:3000/_next/static/chunks/8f226_next_dist_53dface4._.js:2297
[ 1033007ms] TypeError: Cannot read properties of undefined (reading 'appendChild')
    at NewClass.onAdd (http://localhost:3000/_next/static/chunks/8f226_0aa22d8a._.js:10293:27)
    at NewClass._layerAdd (http://localhost:3000/_next/static/chunks/8f226_0aa22d8a._.js:5656:18)
    at NewClass.whenReady (http://localhost:3000/_next/static/chunks/8f226_0aa22d8a._.js:3812:26)
    at NewClass.addLayer (http://localhost:3000/_next/static/chunks/8f226_0aa22d8a._.js:5708:18)
    at NewClass.getRenderer (http://localhost:3000/_next/static/chunks/8f226_0aa22d8a._.js:11051:22)
    at NewClass.beforeAdd (http://localhost:3000/_next/static/chunks/8f226_0aa22d8a._.js:6694:34)
    at NewClass.addLayer (http://localhost:3000/_next/static/chunks/8f226_0aa22d8a._.js:5706:23)
    at NewClass.eachLayer (http://localhost:3000/_next/static/chunks/8f226_0aa22d8a._.js:5887:24)
    at NewClass.onAdd (http://localhost:3000/_next/static/chunks/8f226_0aa22d8a._.js:5873:18)
    at NewClass._layerAdd (http://localhost:3000/_next/static/chunks/8f226_0aa22d8a._.js:5656:18)
    at NewClass.whenReady (http://localhost:3000/_next/static/chunks/8f226_0aa22d8a._.js:3812:26)
    at NewClass.addLayer (http://localhost:3000/_next/static/chunks/8f226_0aa22d8a._.js:5708:18)
    at addLayer (http://localhost:3000/_next/static/chunks/8f226_0aa22d8a._.js:12289:19)
    at Object.react_stack_bottom_frame (http://localhost:3000/_next/static/chunks/8f226_next_dist_compiled_react-dom_547abd0f._.js:14876:22)
    at runWithFiberInDEV (http://localhost:3000/_next/static/chunks/8f226_next_dist_compiled_react-dom_547abd0f._.js:965:74)
    at commitHookEffectListMount (http://localhost:3000/_next/static/chunks/8f226_next_dist_compiled_react-dom_547abd0f._.js:7266:167)
    at commitHookPassiveMountEffects (http://localhost:3000/_next/static/chunks/8f226_next_dist_compiled_react-dom_547abd0f._.js:7301:60)
    at reconnectPassiveEffects (http://localhost:3000/_next/static/chunks/8f226_next_dist_compiled_react-dom_547abd0f._.js:8786:17)
    at recursivelyTraverseReconnectPassiveEffects (http://localhost:3000/_next/static/chunks/8f226_next_dist_compiled_react-dom_547abd0f._.js:8773:13)
    at reconnectPassiveEffects (http://localhost:3000/_next/static/chunks/8f226_next_dist_compiled_react-dom_547abd0f._.js:8800:17)
    at recursivelyTraverseReconnectPassiveEffects (http://localhost:3000/_next/static/chunks/8f226_next_dist_compiled_react-dom_547abd0f._.js:8773:13)
    at reconnectPassiveEffects (http://localhost:3000/_next/static/chunks/8f226_next_dist_compiled_react-dom_547abd0f._.js:8800:17)
    at recursivelyTraverseReconnectPassiveEffects (http://localhost:3000/_next/static/chunks/8f226_next_dist_compiled_react-dom_547abd0f._.js:8773:13)
    at reconnectPassiveEffects (http://localhost:3000/_next/static/chunks/8f226_next_dist_compiled_react-dom_547abd0f._.js:8785:17)
    at recursivelyTraverseReconnectPassiveEffects (http://localhost:3000/_next/static/chunks/8f226_next_dist_compiled_react-dom_547abd0f._.js:8773:13)
    at reconnectPassiveEffects (http://localhost:3000/_next/static/chunks/8f226_next_dist_compiled_react-dom_547abd0f._.js:8785:17)
    at recursivelyTraverseReconnectPassiveEffects (http://localhost:3000/_next/static/chunks/8f226_next_dist_compiled_react-dom_547abd0f._.js:8773:13)
    at reconnectPassiveEffects (http://localhost:3000/_next/static/chunks/8f226_next_dist_compiled_react-dom_547abd0f._.js:8785:17)
    at recursivelyTraverseReconnectPassiveEffects (http://localhost:3000/_next/static/chunks/8f226_next_dist_compiled_react-dom_547abd0f._.js:8773:13)
    at reconnectPassiveEffects (http://localhost:3000/_next/static/chunks/8f226_next_dist_compiled_react-dom_547abd0f._.js:8792:443)
    at doubleInvokeEffectsOnFiber (http://localhost:3000/_next/static/chunks/8f226_next_dist_compiled_react-dom_547abd0f._.js:10092:133)
    at runWithFiberInDEV (http://localhost:3000/_next/static/chunks/8f226_next_dist_compiled_react-dom_547abd0f._.js:965:131)
    at recursivelyTraverseAndDoubleInvokeEffectsInDEV (http://localhost:3000/_next/static/chunks/8f226_next_dist_compiled_react-dom_547abd0f._.js:10085:303)
    at recursivelyTraverseAndDoubleInvokeEffectsInDEV (http://localhost:3000/_next/static/chunks/8f226_next_dist_compiled_react-dom_547abd0f._.js:10085:147)
    at recursivelyTraverseAndDoubleInvokeEffectsInDEV (http://localhost:3000/_next/static/chunks/8f226_next_dist_compiled_react-dom_547abd0f._.js:10085:147)
    at recursivelyTraverseAndDoubleInvokeEffectsInDEV (http://localhost:3000/_next/static/chunks/8f226_next_dist_compiled_react-dom_547abd0f._.js:10085:147)
    at recursivelyTraverseAndDoubleInvokeEffectsInDEV (http://localhost:3000/_next/static/chunks/8f226_next_dist_compiled_react-dom_547abd0f._.js:10085:147)
    at recursivelyTraverseAndDoubleInvokeEffectsInDEV (http://localhost:3000/_next/static/chunks/8f226_next_dist_compiled_react-dom_547abd0f._.js:10085:147)
    at recursivelyTraverseAndDoubleInvokeEffectsInDEV (http://localhost:3000/_next/static/chunks/8f226_next_dist_compiled_react-dom_547abd0f._.js:10085:147)
    at recursivelyTraverseAndDoubleInvokeEffectsInDEV (http://localhost:3000/_next/static/chunks/8f226_next_dist_compiled_react-dom_547abd0f._.js:10085:147)
    at recursivelyTraverseAndDoubleInvokeEffectsInDEV (http://localhost:3000/_next/static/chunks/8f226_next_dist_compiled_react-dom_547abd0f._.js:10085:147)
    at recursivelyTraverseAndDoubleInvokeEffectsInDEV (http://localhost:3000/_next/static/chunks/8f226_next_dist_compiled_react-dom_547abd0f._.js:10085:147)
    at recursivelyTraverseAndDoubleInvokeEffectsInDEV (http://localhost:3000/_next/static/chunks/8f226_next_dist_compiled_react-dom_547abd0f._.js:10085:147)
    at recursivelyTraverseAndDoubleInvokeEffectsInDEV (http://localhost:3000/_next/static/chunks/8f226_next_dist_compiled_react-dom_547abd0f._.js:10085:147)
    at recursivelyTraverseAndDoubleInvokeEffectsInDEV (http://localhost:3000/_next/static/chunks/8f226_next_dist_compiled_react-dom_547abd0f._.js:10085:147)
    at recursivelyTraverseAndDoubleInvokeEffectsInDEV (http://localhost:3000/_next/static/chunks/8f226_next_dist_compiled_react-dom_547abd0f._.js:10085:147)
    at recursivelyTraverseAndDoubleInvokeEffectsInDEV (http://localhost:3000/_next/static/chunks/8f226_next_dist_compiled_react-dom_547abd0f._.js:10085:147)
    at recursivelyTraverseAndDoubleInvokeEffectsInDEV (http://localhost:3000/_next/static/chunks/8f226_next_dist_compiled_react-dom_547abd0f._.js:10085:147)
    at recursivelyTraverseAndDoubleInvokeEffectsInDEV (http://localhost:3000/_next/static/chunks/8f226_next_dist_compiled_react-dom_547abd0f._.js:10085:147)
    at recursivelyTraverseAndDoubleInvokeEffectsInDEV (http://localhost:3000/_next/static/chunks/8f226_next_dist_compiled_react-dom_547abd0f._.js:10085:147)
[ 1033015ms] Error: Map container is being reused by another instance
    at NewClass.remove (http://localhost:3000/_next/static/chunks/8f226_0aa22d8a._.js:3209:23)
    at MapContainerComponent.useEffect (http://localhost:3000/_next/static/chunks/8f226_0aa22d8a._.js:12005:34)
    at Object.react_stack_bottom_frame (http://localhost:3000/_next/static/chunks/8f226_next_dist_compiled_react-dom_547abd0f._.js:14882:17)
    at runWithFiberInDEV (http://localhost:3000/_next/static/chunks/8f226_next_dist_compiled_react-dom_547abd0f._.js:965:74)
    at commitHookEffectListUnmount (http://localhost:3000/_next/static/chunks/8f226_next_dist_compiled_react-dom_547abd0f._.js:7291:166)
    at commitHookPassiveUnmountEffects (http://localhost:3000/_next/static/chunks/8f226_next_dist_compiled_react-dom_547abd0f._.js:7304:60)
    at commitPassiveUnmountEffectsInsideOfDeletedTree_begin (http://localhost:3000/_next/static/chunks/8f226_next_dist_compiled_react-dom_547abd0f._.js:8964:21)
    at recursivelyTraversePassiveUnmountEffects (http://localhost:3000/_next/static/chunks/8f226_next_dist_compiled_react-dom_547abd0f._.js:8881:17)
    at commitPassiveUnmountOnFiber (http://localhost:3000/_next/static/chunks/8f226_next_dist_compiled_react-dom_547abd0f._.js:8913:17)
    at recursivelyTraversePassiveUnmountEffects (http://localhost:3000/_next/static/chunks/8f226_next_dist_compiled_react-dom_547abd0f._.js:8887:106)
    at commitPassiveUnmountOnFiber (http://localhost:3000/_next/static/chunks/8f226_next_dist_compiled_react-dom_547abd0f._.js:8895:17)
    at recursivelyTraversePassiveUnmountEffects (http://localhost:3000/_next/static/chunks/8f226_next_dist_compiled_react-dom_547abd0f._.js:8887:106)
    at commitPassiveUnmountOnFiber (http://localhost:3000/_next/static/chunks/8f226_next_dist_compiled_react-dom_547abd0f._.js:8913:17)
    at recursivelyTraversePassiveUnmountEffects (http://localhost:3000/_next/static/chunks/8f226_next_dist_compiled_react-dom_547abd0f._.js:8887:106)
    at commitPassiveUnmountOnFiber (http://localhost:3000/_next/static/chunks/8f226_next_dist_compiled_react-dom_547abd0f._.js:8913:17)
    at recursivelyTraversePassiveUnmountEffects (http://localhost:3000/_next/static/chunks/8f226_next_dist_compiled_react-dom_547abd0f._.js:8887:106)
    at commitPassiveUnmountOnFiber (http://localhost:3000/_next/static/chunks/8f226_next_dist_compiled_react-dom_547abd0f._.js:8913:17)
    at recursivelyTraversePassiveUnmountEffects (http://localhost:3000/_next/static/chunks/8f226_next_dist_compiled_react-dom_547abd0f._.js:8887:106)
    at commitPassiveUnmountOnFiber (http://localhost:3000/_next/static/chunks/8f226_next_dist_compiled_react-dom_547abd0f._.js:8913:17)
    at recursivelyTraversePassiveUnmountEffects (http://localhost:3000/_next/static/chunks/8f226_next_dist_compiled_react-dom_547abd0f._.js:8887:106)
    at commitPassiveUnmountOnFiber (http://localhost:3000/_next/static/chunks/8f226_next_dist_compiled_react-dom_547abd0f._.js:8913:17)
    at recursivelyTraversePassiveUnmountEffects (http://localhost:3000/_next/static/chunks/8f226_next_dist_compiled_react-dom_547abd0f._.js:8887:106)
    at commitPassiveUnmountOnFiber (http://localhost:3000/_next/static/chunks/8f226_next_dist_compiled_react-dom_547abd0f._.js:8913:17)
    at recursivelyTraversePassiveUnmountEffects (http://localhost:3000/_next/static/chunks/8f226_next_dist_compiled_react-dom_547abd0f._.js:8887:106)
    at commitPassiveUnmountOnFiber (http://localhost:3000/_next/static/chunks/8f226_next_dist_compiled_react-dom_547abd0f._.js:8913:17)
    at recursivelyTraversePassiveUnmountEffects (http://localhost:3000/_next/static/chunks/8f226_next_dist_compiled_react-dom_547abd0f._.js:8887:106)
    at commitPassiveUnmountOnFiber (http://localhost:3000/_next/static/chunks/8f226_next_dist_compiled_react-dom_547abd0f._.js:8895:17)
    at recursivelyTraversePassiveUnmountEffects (http://localhost:3000/_next/static/chunks/8f226_next_dist_compiled_react-dom_547abd0f._.js:8887:106)
    at commitPassiveUnmountOnFiber (http://localhost:3000/_next/static/chunks/8f226_next_dist_compiled_react-dom_547abd0f._.js:8913:17)
    at recursivelyTraversePassiveUnmountEffects (http://localhost:3000/_next/static/chunks/8f226_next_dist_compiled_react-dom_547abd0f._.js:8887:106)
    at commitPassiveUnmountOnFiber (http://localhost:3000/_next/static/chunks/8f226_next_dist_compiled_react-dom_547abd0f._.js:8895:17)
    at recursivelyTraversePassiveUnmountEffects (http://localhost:3000/_next/static/chunks/8f226_next_dist_compiled_react-dom_547abd0f._.js:8887:106)
    at commitPassiveUnmountOnFiber (http://localhost:3000/_next/static/chunks/8f226_next_dist_compiled_react-dom_547abd0f._.js:8895:17)
    at recursivelyTraversePassiveUnmountEffects (http://localhost:3000/_next/static/chunks/8f226_next_dist_compiled_react-dom_547abd0f._.js:8887:106)
    at commitPassiveUnmountOnFiber (http://localhost:3000/_next/static/chunks/8f226_next_dist_compiled_react-dom_547abd0f._.js:8895:17)
    at recursivelyTraversePassiveUnmountEffects (http://localhost:3000/_next/static/chunks/8f226_next_dist_compiled_react-dom_547abd0f._.js:8887:106)
    at commitPassiveUnmountOnFiber (http://localhost:3000/_next/static/chunks/8f226_next_dist_compiled_react-dom_547abd0f._.js:8913:17)
    at recursivelyTraversePassiveUnmountEffects (http://localhost:3000/_next/static/chunks/8f226_next_dist_compiled_react-dom_547abd0f._.js:8887:106)
    at commitPassiveUnmountOnFiber (http://localhost:3000/_next/static/chunks/8f226_next_dist_compiled_react-dom_547abd0f._.js:8895:17)
    at recursivelyTraversePassiveUnmountEffects (http://localhost:3000/_next/static/chunks/8f226_next_dist_compiled_react-dom_547abd0f._.js:8887:106)
    at commitPassiveUnmountOnFiber (http://localhost:3000/_next/static/chunks/8f226_next_dist_compiled_react-dom_547abd0f._.js:8895:17)
    at recursivelyTraversePassiveUnmountEffects (http://localhost:3000/_next/static/chunks/8f226_next_dist_compiled_react-dom_547abd0f._.js:8887:106)
    at commitPassiveUnmountOnFiber (http://localhost:3000/_next/static/chunks/8f226_next_dist_compiled_react-dom_547abd0f._.js:8913:17)
    at recursivelyTraversePassiveUnmountEffects (http://localhost:3000/_next/static/chunks/8f226_next_dist_compiled_react-dom_547abd0f._.js:8887:106)
    at commitPassiveUnmountOnFiber (http://localhost:3000/_next/static/chunks/8f226_next_dist_compiled_react-dom_547abd0f._.js:8913:17)
    at recursivelyTraversePassiveUnmountEffects (http://localhost:3000/_next/static/chunks/8f226_next_dist_compiled_react-dom_547abd0f._.js:8887:106)
    at commitPassiveUnmountOnFiber (http://localhost:3000/_next/static/chunks/8f226_next_dist_compiled_react-dom_547abd0f._.js:8900:17)
    at flushPassiveEffects (http://localhost:3000/_next/static/chunks/8f226_next_dist_compiled_react-dom_547abd0f._.js:9971:13)
    at flushPendingEffects (http://localhost:3000/_next/static/chunks/8f226_next_dist_compiled_react-dom_547abd0f._.js:9936:16)
    at flushSpawnedWork (http://localhost:3000/_next/static/chunks/8f226_next_dist_compiled_react-dom_547abd0f._.js:9909:48)
[ 1033015ms] [LOG] [Fast Refresh] done in 179ms @ http://localhost:3000/_next/static/chunks/8f226_next_dist_53dface4._.js:2297
[ 1033416ms] [INFO] %cDownload the React DevTools for a better development experience: https://react.dev/link/react-devtools font-weight:bold @ http://localhost:3000/_next/static/chunks/8f226_next_dist_53dface4._.js:2297
[ 1033522ms] [LOG] [HMR] connected @ http://localhost:3000/_next/static/chunks/8f226_next_dist_53dface4._.js:2297
[ 1033894ms] [LOG] %c[Vercel Web Analytics]%c Debug mode is enabled by default in development. No requests will be sent to the server. color: rgb(120, 120, 120) color: inherit @ http://localhost:3000/_next/static/chunks/8f226_next_dist_53dface4._.js:2297
[ 1033894ms] [LOG] %c[Vercel Web Analytics]%c Running queued event color: rgb(120, 120, 120) color: inherit pageview {route: /preview, path: /preview} @ http://localhost:3000/_next/static/chunks/8f226_next_dist_53dface4._.js:2297
[ 1033896ms] [LOG] %c[Vercel Web Analytics]%c [view] http://localhost:3000/preview color: rgb(120, 120, 120) color: inherit {o: http://localhost:3000/preview, sv: 0.1.3, sdkn: @vercel/analytics/next, sdkv: 1.6.1, ts: 1776684409606} /_vercel/insights/view @ http://localhost:3000/_next/static/chunks/8f226_next_dist_53dface4._.js:2297
[ 1034315ms] [LOG] [Fast Refresh] rebuilding @ http://localhost:3000/_next/static/chunks/8f226_next_dist_53dface4._.js:2297
[ 1034337ms] [LOG] [Fast Refresh] done in 123ms @ http://localhost:3000/_next/static/chunks/8f226_next_dist_53dface4._.js:2297
[ 1037337ms] [LOG] [Fast Refresh] rebuilding @ http://localhost:3000/_next/static/chunks/8f226_next_dist_53dface4._.js:2297
[ 1037894ms] [LOG] [Fast Refresh] done in 578ms @ http://localhost:3000/_next/static/chunks/8f226_next_dist_53dface4._.js:2297
[ 1038119ms] [INFO] %cDownload the React DevTools for a better development experience: https://react.dev/link/react-devtools font-weight:bold @ http://localhost:3000/_next/static/chunks/8f226_next_dist_53dface4._.js:2297
[ 1038177ms] [LOG] [HMR] connected @ http://localhost:3000/_next/static/chunks/8f226_next_dist_53dface4._.js:2297
[ 1038315ms] [LOG] %c[Vercel Web Analytics]%c Debug mode is enabled by default in development. No requests will be sent to the server. color: rgb(120, 120, 120) color: inherit @ http://localhost:3000/_next/static/chunks/8f226_next_dist_53dface4._.js:2297
[ 1038315ms] [LOG] %c[Vercel Web Analytics]%c Running queued event color: rgb(120, 120, 120) color: inherit pageview {route: /preview, path: /preview} @ http://localhost:3000/_next/static/chunks/8f226_next_dist_53dface4._.js:2297
[ 1038316ms] [LOG] %c[Vercel Web Analytics]%c [view] http://localhost:3000/preview color: rgb(120, 120, 120) color: inherit {o: http://localhost:3000/preview, sv: 0.1.3, sdkn: @vercel/analytics/next, sdkv: 1.6.1, ts: 1776684414025} /_vercel/insights/view @ http://localhost:3000/_next/static/chunks/8f226_next_dist_53dface4._.js:2297
[ 1046971ms] [LOG] [Fast Refresh] rebuilding @ http://localhost:3000/_next/static/chunks/8f226_next_dist_53dface4._.js:2297
[ 1047408ms] [LOG] [Fast Refresh] done in 352ms @ http://localhost:3000/_next/static/chunks/8f226_next_dist_53dface4._.js:2297
[ 1048059ms] [INFO] %cDownload the React DevTools for a better development experience: https://react.dev/link/react-devtools font-weight:bold @ http://localhost:3000/_next/static/chunks/8f226_next_dist_53dface4._.js:2297
[ 1048115ms] [LOG] [HMR] connected @ http://localhost:3000/_next/static/chunks/8f226_next_dist_53dface4._.js:2297
[ 1048363ms] [LOG] %c[Vercel Web Analytics]%c Debug mode is enabled by default in development. No requests will be sent to the server. color: rgb(120, 120, 120) color: inherit @ http://localhost:3000/_next/static/chunks/8f226_next_dist_53dface4._.js:2297
[ 1048364ms] [LOG] %c[Vercel Web Analytics]%c Running queued event color: rgb(120, 120, 120) color: inherit pageview {route: /preview, path: /preview} @ http://localhost:3000/_next/static/chunks/8f226_next_dist_53dface4._.js:2297
[ 1048367ms] [LOG] %c[Vercel Web Analytics]%c [view] http://localhost:3000/preview color: rgb(120, 120, 120) color: inherit {o: http://localhost:3000/preview, sv: 0.1.3, sdkn: @vercel/analytics/next, sdkv: 1.6.1, ts: 1776684424076} /_vercel/insights/view @ http://localhost:3000/_next/static/chunks/8f226_next_dist_53dface4._.js:2297
[ 1084035ms] [LOG] [Fast Refresh] rebuilding @ http://localhost:3000/_next/static/chunks/8f226_next_dist_53dface4._.js:2297
[ 1085622ms] [LOG] [Fast Refresh] done in 1687ms @ http://localhost:3000/_next/static/chunks/8f226_next_dist_53dface4._.js:2297
