[     109ms] [LOG] [Fast Refresh] rebuilding @ http://localhost:3000/_next/static/chunks/8f226_next_dist_53dface4._.js:2297
[     131ms] [LOG] [Fast Refresh] done in 123ms @ http://localhost:3000/_next/static/chunks/8f226_next_dist_53dface4._.js:2297
[     232ms] [LOG] [Fast Refresh] rebuilding @ http://localhost:3000/_next/static/chunks/8f226_next_dist_53dface4._.js:2297
[     367ms] [INFO] %cDownload the React DevTools for a better development experience: https://react.dev/link/react-devtools font-weight:bold @ http://localhost:3000/_next/static/chunks/8f226_next_dist_53dface4._.js:2297
[     407ms] [LOG] [HMR] connected @ http://localhost:3000/_next/static/chunks/8f226_next_dist_53dface4._.js:2297
[     529ms] [ERROR] In HTML, %s cannot be a child of <%s>.%s
This will cause a hydration error.%s <html> body  

  ...
    <HotReload globalError={[...]} webSocket={WebSocket} staticIndicatorState={{pathname:"...", ...}}>
      <AppDevOverlayErrorBoundary globalError={[...]}>
        <ReplaySsrOnlyErrors>
        <DevRootHTTPAccessFallbackBoundary>
          <HTTPAccessFallbackBoundary notFound={<NotAllowedRootHTTPFallbackError>}>
            <HTTPAccessFallbackErrorBoundary pathname="/preview" notFound={<NotAllowedRootHTTPFallbackError>} ...>
              <RedirectBoundary>
                <RedirectErrorBoundary router={{...}}>
                  <Head>
                  <__next_root_layout_boundary__>
                    <SegmentViewNode type="layout" pagePath="/SpendMapF...">
                      <SegmentTrieNode>
                      <link>
                      <script>
                      <script>
                      <script>
                      <RootLayout>
                        <html lang="en">
>                         <body className="font-sans antialiased">
                            ...
                              <SegmentViewNode type="layout" pagePath="/SpendMapF...">
                                <SegmentTrieNode>
                                <PreviewLayout>
>                                 <html lang="en">
                            ...
                  ...
 @ http://localhost:3000/_next/static/chunks/8f226_next_dist_53dface4._.js:3127
[     529ms] [ERROR] <%s> cannot contain a nested %s.
See this log for the ancestor stack trace. body <html> @ http://localhost:3000/_next/static/chunks/8f226_next_dist_53dface4._.js:3127
[     540ms] [ERROR] You are mounting a new %s component when a previous one has not first unmounted. It is an error to render more than one %s component at a time and attributes and children of these components will likely fail in unpredictable ways. Please only render a single instance of <%s> and if you need to mount a new one, ensure any previous ones have unmounted first. html html html @ http://localhost:3000/_next/static/chunks/8f226_next_dist_53dface4._.js:3127
[     542ms] [ERROR] You are mounting a new %s component when a previous one has not first unmounted. It is an error to render more than one %s component at a time and attributes and children of these components will likely fail in unpredictable ways. Please only render a single instance of <%s> and if you need to mount a new one, ensure any previous ones have unmounted first. body body body @ http://localhost:3000/_next/static/chunks/8f226_next_dist_53dface4._.js:3127
[     881ms] [LOG] [Fast Refresh] rebuilding @ http://localhost:3000/_next/static/chunks/8f226_next_dist_53dface4._.js:2297
[     931ms] [LOG] [Fast Refresh] done in 219ms @ http://localhost:3000/_next/static/chunks/8f226_next_dist_53dface4._.js:2297
[     968ms] [LOG] %c[Vercel Web Analytics]%c Debug mode is enabled by default in development. No requests will be sent to the server. color: rgb(120, 120, 120) color: inherit @ http://localhost:3000/_next/static/chunks/8f226_next_dist_53dface4._.js:2297
[     968ms] [LOG] %c[Vercel Web Analytics]%c Running queued event color: rgb(120, 120, 120) color: inherit pageview {route: /preview, path: /preview} @ http://localhost:3000/_next/static/chunks/8f226_next_dist_53dface4._.js:2297
[     969ms] [LOG] %c[Vercel Web Analytics]%c [view] http://localhost:3000/preview color: rgb(120, 120, 120) color: inherit {o: http://localhost:3000/preview, sv: 0.1.3, sdkn: @vercel/analytics/next, sdkv: 1.6.1, ts: 1776681756429} /_vercel/insights/view @ http://localhost:3000/_next/static/chunks/8f226_next_dist_53dface4._.js:2297
[   35517ms] [LOG] [Fast Refresh] rebuilding @ http://localhost:3000/_next/static/chunks/8f226_next_dist_53dface4._.js:2297
[   35601ms] [LOG] [Fast Refresh] done in 252ms @ http://localhost:3000/_next/static/chunks/8f226_next_dist_53dface4._.js:2297
[   92006ms] [LOG] [Fast Refresh] rebuilding @ http://localhost:3000/_next/static/chunks/8f226_next_dist_53dface4._.js:2297
[   92308ms] [LOG] [Fast Refresh] done in 286ms @ http://localhost:3000/_next/static/chunks/8f226_next_dist_53dface4._.js:2297
