[     365ms] [INFO] %cDownload the React DevTools for a better development experience: https://react.dev/link/react-devtools font-weight:bold @ http://localhost:3000/_next/static/chunks/8f226_next_dist_53dface4._.js:2297
[     464ms] [LOG] [HMR] connected @ http://localhost:3000/_next/static/chunks/8f226_next_dist_53dface4._.js:2297
[     895ms] [LOG] %c[Vercel Web Analytics]%c Debug mode is enabled by default in development. No requests will be sent to the server. color: rgb(120, 120, 120) color: inherit @ http://localhost:3000/_next/static/chunks/8f226_next_dist_53dface4._.js:2297
[     895ms] [LOG] %c[Vercel Web Analytics]%c Running queued event color: rgb(120, 120, 120) color: inherit pageview {route: /preview, path: /preview} @ http://localhost:3000/_next/static/chunks/8f226_next_dist_53dface4._.js:2297
[     896ms] [LOG] %c[Vercel Web Analytics]%c [view] http://localhost:3000/preview color: rgb(120, 120, 120) color: inherit {o: http://localhost:3000/preview, sv: 0.1.3, sdkn: @vercel/analytics/next, sdkv: 1.6.1, ts: 1776683314906} /_vercel/insights/view @ http://localhost:3000/_next/static/chunks/8f226_next_dist_53dface4._.js:2297
[    4312ms] [LOG] [Fast Refresh] rebuilding @ http://localhost:3000/_next/static/chunks/8f226_next_dist_53dface4._.js:2297
[    6458ms] [LOG] [Fast Refresh] done in 2246ms @ http://localhost:3000/_next/static/chunks/8f226_next_dist_53dface4._.js:2297
[   38566ms] [LOG] [Fast Refresh] rebuilding @ http://localhost:3000/_next/static/chunks/8f226_next_dist_53dface4._.js:2297
[   38698ms] [LOG] [Fast Refresh] done in 204ms @ http://localhost:3000/_next/static/chunks/8f226_next_dist_53dface4._.js:2297
[   39036ms] TypeError: Cannot read properties of undefined (reading 'appendChild')
    at NewClass.onAdd (http://localhost:3000/_next/static/chunks/8f226_0aa22d8a._.js:10293:27)
    at NewClass._layerAdd (http://localhost:3000/_next/static/chunks/8f226_0aa22d8a._.js:5656:18)
    at NewClass.whenReady (http://localhost:3000/_next/static/chunks/8f226_0aa22d8a._.js:3812:26)
    at NewClass.addLayer (http://localhost:3000/_next/static/chunks/8f226_0aa22d8a._.js:5708:18)
    at NewClass.getRenderer (http://localhost:3000/_next/static/chunks/8f226_0aa22d8a._.js:11051:22)
    at NewClass.beforeAdd (http://localhost:3000/_next/static/chunks/8f226_0aa22d8a._.js:6694:34)
    at NewClass.addLayer (http://localhost:3000/_next/static/chunks/8f226_0aa22d8a._.js:5706:23)
    at NewClass.eachLayer (http://localhost:3000/_next/static/chunks/8f226_0aa22d8a._.js:5887:24)
    at NewClass.onAdd (http://localhost:3000/_next/static/chunks/8f226_0aa22d8a._.js:5873:18)
    at NewClass._layerAdd (http://localhost:3000/_next/static/chunks/8f226_0aa22d8a._.js:5656:18)
    at NewClass.whenReady (http://localhost:3000/_next/static/chunks/8f226_0aa22d8a._.js:3812:26)
    at NewClass.addLayer (http://localhost:3000/_next/static/chunks/8f226_0aa22d8a._.js:5708:18)
    at addLayer (http://localhost:3000/_next/static/chunks/8f226_0aa22d8a._.js:12289:19)
    at Object.react_stack_bottom_frame (http://localhost:3000/_next/static/chunks/8f226_next_dist_compiled_react-dom_547abd0f._.js:14876:22)
    at runWithFiberInDEV (http://localhost:3000/_next/static/chunks/8f226_next_dist_compiled_react-dom_547abd0f._.js:965:74)
    at commitHookEffectListMount (http://localhost:3000/_next/static/chunks/8f226_next_dist_compiled_react-dom_547abd0f._.js:7266:167)
    at commitHookPassiveMountEffects (http://localhost:3000/_next/static/chunks/8f226_next_dist_compiled_react-dom_547abd0f._.js:7301:60)
    at reconnectPassiveEffects (http://localhost:3000/_next/static/chunks/8f226_next_dist_compiled_react-dom_547abd0f._.js:8786:17)
    at recursivelyTraverseReconnectPassiveEffects (http://localhost:3000/_next/static/chunks/8f226_next_dist_compiled_react-dom_547abd0f._.js:8773:13)
    at reconnectPassiveEffects (http://localhost:3000/_next/static/chunks/8f226_next_dist_compiled_react-dom_547abd0f._.js:8800:17)
    at recursivelyTraverseReconnectPassiveEffects (http://localhost:3000/_next/static/chunks/8f226_next_dist_compiled_react-dom_547abd0f._.js:8773:13)
    at reconnectPassiveEffects (http://localhost:3000/_next/static/chunks/8f226_next_dist_compiled_react-dom_547abd0f._.js:8800:17)
    at recursivelyTraverseReconnectPassiveEffects (http://localhost:3000/_next/static/chunks/8f226_next_dist_compiled_react-dom_547abd0f._.js:8773:13)
    at reconnectPassiveEffects (http://localhost:3000/_next/static/chunks/8f226_next_dist_compiled_react-dom_547abd0f._.js:8785:17)
    at recursivelyTraverseReconnectPassiveEffects (http://localhost:3000/_next/static/chunks/8f226_next_dist_compiled_react-dom_547abd0f._.js:8773:13)
    at reconnectPassiveEffects (http://localhost:3000/_next/static/chunks/8f226_next_dist_compiled_react-dom_547abd0f._.js:8785:17)
    at recursivelyTraverseReconnectPassiveEffects (http://localhost:3000/_next/static/chunks/8f226_next_dist_compiled_react-dom_547abd0f._.js:8773:13)
    at reconnectPassiveEffects (http://localhost:3000/_next/static/chunks/8f226_next_dist_compiled_react-dom_547abd0f._.js:8785:17)
    at recursivelyTraverseReconnectPassiveEffects (http://localhost:3000/_next/static/chunks/8f226_next_dist_compiled_react-dom_547abd0f._.js:8773:13)
    at reconnectPassiveEffects (http://localhost:3000/_next/static/chunks/8f226_next_dist_compiled_react-dom_547abd0f._.js:8792:443)
    at doubleInvokeEffectsOnFiber (http://localhost:3000/_next/static/chunks/8f226_next_dist_compiled_react-dom_547abd0f._.js:10092:133)
    at runWithFiberInDEV (http://localhost:3000/_next/static/chunks/8f226_next_dist_compiled_react-dom_547abd0f._.js:965:131)
    at recursivelyTraverseAndDoubleInvokeEffectsInDEV (http://localhost:3000/_next/static/chunks/8f226_next_dist_compiled_react-dom_547abd0f._.js:10085:303)
    at recursivelyTraverseAndDoubleInvokeEffectsInDEV (http://localhost:3000/_next/static/chunks/8f226_next_dist_compiled_react-dom_547abd0f._.js:10085:147)
    at recursivelyTraverseAndDoubleInvokeEffectsInDEV (http://localhost:3000/_next/static/chunks/8f226_next_dist_compiled_react-dom_547abd0f._.js:10085:147)
    at recursivelyTraverseAndDoubleInvokeEffectsInDEV (http://localhost:3000/_next/static/chunks/8f226_next_dist_compiled_react-dom_547abd0f._.js:10085:147)
    at recursivelyTraverseAndDoubleInvokeEffectsInDEV (http://localhost:3000/_next/static/chunks/8f226_next_dist_compiled_react-dom_547abd0f._.js:10085:147)
    at recursivelyTraverseAndDoubleInvokeEffectsInDEV (http://localhost:3000/_next/static/chunks/8f226_next_dist_compiled_react-dom_547abd0f._.js:10085:147)
    at recursivelyTraverseAndDoubleInvokeEffectsInDEV (http://localhost:3000/_next/static/chunks/8f226_next_dist_compiled_react-dom_547abd0f._.js:10085:147)
    at recursivelyTraverseAndDoubleInvokeEffectsInDEV (http://localhost:3000/_next/static/chunks/8f226_next_dist_compiled_react-dom_547abd0f._.js:10085:147)
    at recursivelyTraverseAndDoubleInvokeEffectsInDEV (http://localhost:3000/_next/static/chunks/8f226_next_dist_compiled_react-dom_547abd0f._.js:10085:147)
    at recursivelyTraverseAndDoubleInvokeEffectsInDEV (http://localhost:3000/_next/static/chunks/8f226_next_dist_compiled_react-dom_547abd0f._.js:10085:147)
    at recursivelyTraverseAndDoubleInvokeEffectsInDEV (http://localhost:3000/_next/static/chunks/8f226_next_dist_compiled_react-dom_547abd0f._.js:10085:147)
    at recursivelyTraverseAndDoubleInvokeEffectsInDEV (http://localhost:3000/_next/static/chunks/8f226_next_dist_compiled_react-dom_547abd0f._.js:10085:147)
    at recursivelyTraverseAndDoubleInvokeEffectsInDEV (http://localhost:3000/_next/static/chunks/8f226_next_dist_compiled_react-dom_547abd0f._.js:10085:147)
    at recursivelyTraverseAndDoubleInvokeEffectsInDEV (http://localhost:3000/_next/static/chunks/8f226_next_dist_compiled_react-dom_547abd0f._.js:10085:147)
    at recursivelyTraverseAndDoubleInvokeEffectsInDEV (http://localhost:3000/_next/static/chunks/8f226_next_dist_compiled_react-dom_547abd0f._.js:10085:147)
    at recursivelyTraverseAndDoubleInvokeEffectsInDEV (http://localhost:3000/_next/static/chunks/8f226_next_dist_compiled_react-dom_547abd0f._.js:10085:147)
    at recursivelyTraverseAndDoubleInvokeEffectsInDEV (http://localhost:3000/_next/static/chunks/8f226_next_dist_compiled_react-dom_547abd0f._.js:10085:147)
    at recursivelyTraverseAndDoubleInvokeEffectsInDEV (http://localhost:3000/_next/static/chunks/8f226_next_dist_compiled_react-dom_547abd0f._.js:10085:147)
[   39040ms] Error: Map container is being reused by another instance
    at NewClass.remove (http://localhost:3000/_next/static/chunks/8f226_0aa22d8a._.js:3209:23)
    at MapContainerComponent.useEffect (http://localhost:3000/_next/static/chunks/8f226_0aa22d8a._.js:12005:34)
    at Object.react_stack_bottom_frame (http://localhost:3000/_next/static/chunks/8f226_next_dist_compiled_react-dom_547abd0f._.js:14882:17)
    at runWithFiberInDEV (http://localhost:3000/_next/static/chunks/8f226_next_dist_compiled_react-dom_547abd0f._.js:965:74)
    at commitHookEffectListUnmount (http://localhost:3000/_next/static/chunks/8f226_next_dist_compiled_react-dom_547abd0f._.js:7291:166)
    at commitHookPassiveUnmountEffects (http://localhost:3000/_next/static/chunks/8f226_next_dist_compiled_react-dom_547abd0f._.js:7304:60)
    at commitPassiveUnmountEffectsInsideOfDeletedTree_begin (http://localhost:3000/_next/static/chunks/8f226_next_dist_compiled_react-dom_547abd0f._.js:8964:21)
    at recursivelyTraversePassiveUnmountEffects (http://localhost:3000/_next/static/chunks/8f226_next_dist_compiled_react-dom_547abd0f._.js:8881:17)
    at commitPassiveUnmountOnFiber (http://localhost:3000/_next/static/chunks/8f226_next_dist_compiled_react-dom_547abd0f._.js:8913:17)
    at recursivelyTraversePassiveUnmountEffects (http://localhost:3000/_next/static/chunks/8f226_next_dist_compiled_react-dom_547abd0f._.js:8887:106)
    at commitPassiveUnmountOnFiber (http://localhost:3000/_next/static/chunks/8f226_next_dist_compiled_react-dom_547abd0f._.js:8895:17)
    at recursivelyTraversePassiveUnmountEffects (http://localhost:3000/_next/static/chunks/8f226_next_dist_compiled_react-dom_547abd0f._.js:8887:106)
    at commitPassiveUnmountOnFiber (http://localhost:3000/_next/static/chunks/8f226_next_dist_compiled_react-dom_547abd0f._.js:8913:17)
    at recursivelyTraversePassiveUnmountEffects (http://localhost:3000/_next/static/chunks/8f226_next_dist_compiled_react-dom_547abd0f._.js:8887:106)
    at commitPassiveUnmountOnFiber (http://localhost:3000/_next/static/chunks/8f226_next_dist_compiled_react-dom_547abd0f._.js:8913:17)
    at recursivelyTraversePassiveUnmountEffects (http://localhost:3000/_next/static/chunks/8f226_next_dist_compiled_react-dom_547abd0f._.js:8887:106)
    at commitPassiveUnmountOnFiber (http://localhost:3000/_next/static/chunks/8f226_next_dist_compiled_react-dom_547abd0f._.js:8913:17)
    at recursivelyTraversePassiveUnmountEffects (http://localhost:3000/_next/static/chunks/8f226_next_dist_compiled_react-dom_547abd0f._.js:8887:106)
    at commitPassiveUnmountOnFiber (http://localhost:3000/_next/static/chunks/8f226_next_dist_compiled_react-dom_547abd0f._.js:8913:17)
    at recursivelyTraversePassiveUnmountEffects (http://localhost:3000/_next/static/chunks/8f226_next_dist_compiled_react-dom_547abd0f._.js:8887:106)
    at commitPassiveUnmountOnFiber (http://localhost:3000/_next/static/chunks/8f226_next_dist_compiled_react-dom_547abd0f._.js:8913:17)
    at recursivelyTraversePassiveUnmountEffects (http://localhost:3000/_next/static/chunks/8f226_next_dist_compiled_react-dom_547abd0f._.js:8887:106)
    at commitPassiveUnmountOnFiber (http://localhost:3000/_next/static/chunks/8f226_next_dist_compiled_react-dom_547abd0f._.js:8913:17)
    at recursivelyTraversePassiveUnmountEffects (http://localhost:3000/_next/static/chunks/8f226_next_dist_compiled_react-dom_547abd0f._.js:8887:106)
    at commitPassiveUnmountOnFiber (http://localhost:3000/_next/static/chunks/8f226_next_dist_compiled_react-dom_547abd0f._.js:8913:17)
    at recursivelyTraversePassiveUnmountEffects (http://localhost:3000/_next/static/chunks/8f226_next_dist_compiled_react-dom_547abd0f._.js:8887:106)
    at commitPassiveUnmountOnFiber (http://localhost:3000/_next/static/chunks/8f226_next_dist_compiled_react-dom_547abd0f._.js:8895:17)
    at recursivelyTraversePassiveUnmountEffects (http://localhost:3000/_next/static/chunks/8f226_next_dist_compiled_react-dom_547abd0f._.js:8887:106)
    at commitPassiveUnmountOnFiber (http://localhost:3000/_next/static/chunks/8f226_next_dist_compiled_react-dom_547abd0f._.js:8913:17)
    at recursivelyTraversePassiveUnmountEffects (http://localhost:3000/_next/static/chunks/8f226_next_dist_compiled_react-dom_547abd0f._.js:8887:106)
    at commitPassiveUnmountOnFiber (http://localhost:3000/_next/static/chunks/8f226_next_dist_compiled_react-dom_547abd0f._.js:8895:17)
    at recursivelyTraversePassiveUnmountEffects (http://localhost:3000/_next/static/chunks/8f226_next_dist_compiled_react-dom_547abd0f._.js:8887:106)
    at commitPassiveUnmountOnFiber (http://localhost:3000/_next/static/chunks/8f226_next_dist_compiled_react-dom_547abd0f._.js:8895:17)
    at recursivelyTraversePassiveUnmountEffects (http://localhost:3000/_next/static/chunks/8f226_next_dist_compiled_react-dom_547abd0f._.js:8887:106)
    at commitPassiveUnmountOnFiber (http://localhost:3000/_next/static/chunks/8f226_next_dist_compiled_react-dom_547abd0f._.js:8895:17)
    at recursivelyTraversePassiveUnmountEffects (http://localhost:3000/_next/static/chunks/8f226_next_dist_compiled_react-dom_547abd0f._.js:8887:106)
    at commitPassiveUnmountOnFiber (http://localhost:3000/_next/static/chunks/8f226_next_dist_compiled_react-dom_547abd0f._.js:8913:17)
    at recursivelyTraversePassiveUnmountEffects (http://localhost:3000/_next/static/chunks/8f226_next_dist_compiled_react-dom_547abd0f._.js:8887:106)
    at commitPassiveUnmountOnFiber (http://localhost:3000/_next/static/chunks/8f226_next_dist_compiled_react-dom_547abd0f._.js:8895:17)
    at recursivelyTraversePassiveUnmountEffects (http://localhost:3000/_next/static/chunks/8f226_next_dist_compiled_react-dom_547abd0f._.js:8887:106)
    at commitPassiveUnmountOnFiber (http://localhost:3000/_next/static/chunks/8f226_next_dist_compiled_react-dom_547abd0f._.js:8895:17)
    at recursivelyTraversePassiveUnmountEffects (http://localhost:3000/_next/static/chunks/8f226_next_dist_compiled_react-dom_547abd0f._.js:8887:106)
    at commitPassiveUnmountOnFiber (http://localhost:3000/_next/static/chunks/8f226_next_dist_compiled_react-dom_547abd0f._.js:8913:17)
    at recursivelyTraversePassiveUnmountEffects (http://localhost:3000/_next/static/chunks/8f226_next_dist_compiled_react-dom_547abd0f._.js:8887:106)
    at commitPassiveUnmountOnFiber (http://localhost:3000/_next/static/chunks/8f226_next_dist_compiled_react-dom_547abd0f._.js:8913:17)
    at recursivelyTraversePassiveUnmountEffects (http://localhost:3000/_next/static/chunks/8f226_next_dist_compiled_react-dom_547abd0f._.js:8887:106)
    at commitPassiveUnmountOnFiber (http://localhost:3000/_next/static/chunks/8f226_next_dist_compiled_react-dom_547abd0f._.js:8900:17)
    at flushPassiveEffects (http://localhost:3000/_next/static/chunks/8f226_next_dist_compiled_react-dom_547abd0f._.js:9971:13)
    at flushPendingEffects (http://localhost:3000/_next/static/chunks/8f226_next_dist_compiled_react-dom_547abd0f._.js:9936:16)
    at flushSpawnedWork (http://localhost:3000/_next/static/chunks/8f226_next_dist_compiled_react-dom_547abd0f._.js:9909:48)
[   39171ms] [LOG] [Fast Refresh] rebuilding @ http://localhost:3000/_next/static/chunks/8f226_next_dist_53dface4._.js:2297
[   39232ms] [LOG] [Fast Refresh] done in 165ms @ http://localhost:3000/_next/static/chunks/8f226_next_dist_53dface4._.js:2297
[   49927ms] [LOG] [Fast Refresh] rebuilding @ http://localhost:3000/_next/static/chunks/8f226_next_dist_53dface4._.js:2297
[   50020ms] [WARNING] [Fast Refresh] performing full reload because your application had an unrecoverable error @ http://localhost:3000/_next/static/chunks/8f226_next_dist_53dface4._.js:2297
[   50027ms] [LOG] %c[Vercel Web Analytics]%c [view] http://localhost:3000/preview color: rgb(120, 120, 120) color: inherit {o: http://localhost:3000/preview, sv: 0.1.3, sdkn: @vercel/analytics/next, sdkv: 1.6.1, ts: 1776683364037} /_vercel/insights/view @ http://localhost:3000/_next/static/chunks/8f226_next_dist_53dface4._.js:2297
[   50152ms] [LOG] [Fast Refresh] done in 193ms @ http://localhost:3000/_next/static/chunks/8f226_next_dist_53dface4._.js:2297
[   50369ms] [INFO] %cDownload the React DevTools for a better development experience: https://react.dev/link/react-devtools font-weight:bold @ http://localhost:3000/_next/static/chunks/8f226_next_dist_53dface4._.js:2297
[   50423ms] [LOG] [HMR] connected @ http://localhost:3000/_next/static/chunks/8f226_next_dist_53dface4._.js:2297
[   50642ms] [LOG] %c[Vercel Web Analytics]%c Debug mode is enabled by default in development. No requests will be sent to the server. color: rgb(120, 120, 120) color: inherit @ http://localhost:3000/_next/static/chunks/8f226_next_dist_53dface4._.js:2297
[   50642ms] [LOG] %c[Vercel Web Analytics]%c Running queued event color: rgb(120, 120, 120) color: inherit pageview {route: /preview, path: /preview} @ http://localhost:3000/_next/static/chunks/8f226_next_dist_53dface4._.js:2297
[   50642ms] [LOG] %c[Vercel Web Analytics]%c [view] http://localhost:3000/preview color: rgb(120, 120, 120) color: inherit {o: http://localhost:3000/preview, sv: 0.1.3, sdkn: @vercel/analytics/next, sdkv: 1.6.1, ts: 1776683364653} /_vercel/insights/view @ http://localhost:3000/_next/static/chunks/8f226_next_dist_53dface4._.js:2297
[   58616ms] [LOG] [Fast Refresh] rebuilding @ http://localhost:3000/_next/static/chunks/8f226_next_dist_53dface4._.js:2297
[   58720ms] [LOG] [Fast Refresh] done in 174ms @ http://localhost:3000/_next/static/chunks/8f226_next_dist_53dface4._.js:2297
[   59034ms] TypeError: Cannot read properties of undefined (reading 'appendChild')
    at NewClass.onAdd (http://localhost:3000/_next/static/chunks/8f226_0aa22d8a._.js:10293:27)
    at NewClass._layerAdd (http://localhost:3000/_next/static/chunks/8f226_0aa22d8a._.js:5656:18)
    at NewClass.whenReady (http://localhost:3000/_next/static/chunks/8f226_0aa22d8a._.js:3812:26)
    at NewClass.addLayer (http://localhost:3000/_next/static/chunks/8f226_0aa22d8a._.js:5708:18)
    at NewClass.getRenderer (http://localhost:3000/_next/static/chunks/8f226_0aa22d8a._.js:11051:22)
    at NewClass.beforeAdd (http://localhost:3000/_next/static/chunks/8f226_0aa22d8a._.js:6694:34)
    at NewClass.addLayer (http://localhost:3000/_next/static/chunks/8f226_0aa22d8a._.js:5706:23)
    at NewClass.eachLayer (http://localhost:3000/_next/static/chunks/8f226_0aa22d8a._.js:5887:24)
    at NewClass.onAdd (http://localhost:3000/_next/static/chunks/8f226_0aa22d8a._.js:5873:18)
    at NewClass._layerAdd (http://localhost:3000/_next/static/chunks/8f226_0aa22d8a._.js:5656:18)
    at NewClass.whenReady (http://localhost:3000/_next/static/chunks/8f226_0aa22d8a._.js:3812:26)
    at NewClass.addLayer (http://localhost:3000/_next/static/chunks/8f226_0aa22d8a._.js:5708:18)
    at addLayer (http://localhost:3000/_next/static/chunks/8f226_0aa22d8a._.js:12289:19)
    at Object.react_stack_bottom_frame (http://localhost:3000/_next/static/chunks/8f226_next_dist_compiled_react-dom_547abd0f._.js:14876:22)
    at runWithFiberInDEV (http://localhost:3000/_next/static/chunks/8f226_next_dist_compiled_react-dom_547abd0f._.js:965:74)
    at commitHookEffectListMount (http://localhost:3000/_next/static/chunks/8f226_next_dist_compiled_react-dom_547abd0f._.js:7266:167)
    at commitHookPassiveMountEffects (http://localhost:3000/_next/static/chunks/8f226_next_dist_compiled_react-dom_547abd0f._.js:7301:60)
    at reconnectPassiveEffects (http://localhost:3000/_next/static/chunks/8f226_next_dist_compiled_react-dom_547abd0f._.js:8786:17)
    at recursivelyTraverseReconnectPassiveEffects (http://localhost:3000/_next/static/chunks/8f226_next_dist_compiled_react-dom_547abd0f._.js:8773:13)
    at reconnectPassiveEffects (http://localhost:3000/_next/static/chunks/8f226_next_dist_compiled_react-dom_547abd0f._.js:8800:17)
    at recursivelyTraverseReconnectPassiveEffects (http://localhost:3000/_next/static/chunks/8f226_next_dist_compiled_react-dom_547abd0f._.js:8773:13)
    at reconnectPassiveEffects (http://localhost:3000/_next/static/chunks/8f226_next_dist_compiled_react-dom_547abd0f._.js:8800:17)
    at recursivelyTraverseReconnectPassiveEffects (http://localhost:3000/_next/static/chunks/8f226_next_dist_compiled_react-dom_547abd0f._.js:8773:13)
    at reconnectPassiveEffects (http://localhost:3000/_next/static/chunks/8f226_next_dist_compiled_react-dom_547abd0f._.js:8785:17)
    at recursivelyTraverseReconnectPassiveEffects (http://localhost:3000/_next/static/chunks/8f226_next_dist_compiled_react-dom_547abd0f._.js:8773:13)
    at reconnectPassiveEffects (http://localhost:3000/_next/static/chunks/8f226_next_dist_compiled_react-dom_547abd0f._.js:8785:17)
    at recursivelyTraverseReconnectPassiveEffects (http://localhost:3000/_next/static/chunks/8f226_next_dist_compiled_react-dom_547abd0f._.js:8773:13)
    at reconnectPassiveEffects (http://localhost:3000/_next/static/chunks/8f226_next_dist_compiled_react-dom_547abd0f._.js:8785:17)
    at recursivelyTraverseReconnectPassiveEffects (http://localhost:3000/_next/static/chunks/8f226_next_dist_compiled_react-dom_547abd0f._.js:8773:13)
    at reconnectPassiveEffects (http://localhost:3000/_next/static/chunks/8f226_next_dist_compiled_react-dom_547abd0f._.js:8792:443)
    at doubleInvokeEffectsOnFiber (http://localhost:3000/_next/static/chunks/8f226_next_dist_compiled_react-dom_547abd0f._.js:10092:133)
    at runWithFiberInDEV (http://localhost:3000/_next/static/chunks/8f226_next_dist_compiled_react-dom_547abd0f._.js:965:131)
    at recursivelyTraverseAndDoubleInvokeEffectsInDEV (http://localhost:3000/_next/static/chunks/8f226_next_dist_compiled_react-dom_547abd0f._.js:10085:303)
    at recursivelyTraverseAndDoubleInvokeEffectsInDEV (http://localhost:3000/_next/static/chunks/8f226_next_dist_compiled_react-dom_547abd0f._.js:10085:147)
    at recursivelyTraverseAndDoubleInvokeEffectsInDEV (http://localhost:3000/_next/static/chunks/8f226_next_dist_compiled_react-dom_547abd0f._.js:10085:147)
    at recursivelyTraverseAndDoubleInvokeEffectsInDEV (http://localhost:3000/_next/static/chunks/8f226_next_dist_compiled_react-dom_547abd0f._.js:10085:147)
    at recursivelyTraverseAndDoubleInvokeEffectsInDEV (http://localhost:3000/_next/static/chunks/8f226_next_dist_compiled_react-dom_547abd0f._.js:10085:147)
    at recursivelyTraverseAndDoubleInvokeEffectsInDEV (http://localhost:3000/_next/static/chunks/8f226_next_dist_compiled_react-dom_547abd0f._.js:10085:147)
    at recursivelyTraverseAndDoubleInvokeEffectsInDEV (http://localhost:3000/_next/static/chunks/8f226_next_dist_compiled_react-dom_547abd0f._.js:10085:147)
    at recursivelyTraverseAndDoubleInvokeEffectsInDEV (http://localhost:3000/_next/static/chunks/8f226_next_dist_compiled_react-dom_547abd0f._.js:10085:147)
    at recursivelyTraverseAndDoubleInvokeEffectsInDEV (http://localhost:3000/_next/static/chunks/8f226_next_dist_compiled_react-dom_547abd0f._.js:10085:147)
    at recursivelyTraverseAndDoubleInvokeEffectsInDEV (http://localhost:3000/_next/static/chunks/8f226_next_dist_compiled_react-dom_547abd0f._.js:10085:147)
    at recursivelyTraverseAndDoubleInvokeEffectsInDEV (http://localhost:3000/_next/static/chunks/8f226_next_dist_compiled_react-dom_547abd0f._.js:10085:147)
    at recursivelyTraverseAndDoubleInvokeEffectsInDEV (http://localhost:3000/_next/static/chunks/8f226_next_dist_compiled_react-dom_547abd0f._.js:10085:147)
    at recursivelyTraverseAndDoubleInvokeEffectsInDEV (http://localhost:3000/_next/static/chunks/8f226_next_dist_compiled_react-dom_547abd0f._.js:10085:147)
    at recursivelyTraverseAndDoubleInvokeEffectsInDEV (http://localhost:3000/_next/static/chunks/8f226_next_dist_compiled_react-dom_547abd0f._.js:10085:147)
    at recursivelyTraverseAndDoubleInvokeEffectsInDEV (http://localhost:3000/_next/static/chunks/8f226_next_dist_compiled_react-dom_547abd0f._.js:10085:147)
    at recursivelyTraverseAndDoubleInvokeEffectsInDEV (http://localhost:3000/_next/static/chunks/8f226_next_dist_compiled_react-dom_547abd0f._.js:10085:147)
    at recursivelyTraverseAndDoubleInvokeEffectsInDEV (http://localhost:3000/_next/static/chunks/8f226_next_dist_compiled_react-dom_547abd0f._.js:10085:147)
    at recursivelyTraverseAndDoubleInvokeEffectsInDEV (http://localhost:3000/_next/static/chunks/8f226_next_dist_compiled_react-dom_547abd0f._.js:10085:147)
[   59037ms] Error: Map container is being reused by another instance
    at NewClass.remove (http://localhost:3000/_next/static/chunks/8f226_0aa22d8a._.js:3209:23)
    at MapContainerComponent.useEffect (http://localhost:3000/_next/static/chunks/8f226_0aa22d8a._.js:12005:34)
    at Object.react_stack_bottom_frame (http://localhost:3000/_next/static/chunks/8f226_next_dist_compiled_react-dom_547abd0f._.js:14882:17)
    at runWithFiberInDEV (http://localhost:3000/_next/static/chunks/8f226_next_dist_compiled_react-dom_547abd0f._.js:965:74)
    at commitHookEffectListUnmount (http://localhost:3000/_next/static/chunks/8f226_next_dist_compiled_react-dom_547abd0f._.js:7291:166)
    at commitHookPassiveUnmountEffects (http://localhost:3000/_next/static/chunks/8f226_next_dist_compiled_react-dom_547abd0f._.js:7304:60)
    at commitPassiveUnmountEffectsInsideOfDeletedTree_begin (http://localhost:3000/_next/static/chunks/8f226_next_dist_compiled_react-dom_547abd0f._.js:8964:21)
    at recursivelyTraversePassiveUnmountEffects (http://localhost:3000/_next/static/chunks/8f226_next_dist_compiled_react-dom_547abd0f._.js:8881:17)
    at commitPassiveUnmountOnFiber (http://localhost:3000/_next/static/chunks/8f226_next_dist_compiled_react-dom_547abd0f._.js:8913:17)
    at recursivelyTraversePassiveUnmountEffects (http://localhost:3000/_next/static/chunks/8f226_next_dist_compiled_react-dom_547abd0f._.js:8887:106)
    at commitPassiveUnmountOnFiber (http://localhost:3000/_next/static/chunks/8f226_next_dist_compiled_react-dom_547abd0f._.js:8895:17)
    at recursivelyTraversePassiveUnmountEffects (http://localhost:3000/_next/static/chunks/8f226_next_dist_compiled_react-dom_547abd0f._.js:8887:106)
    at commitPassiveUnmountOnFiber (http://localhost:3000/_next/static/chunks/8f226_next_dist_compiled_react-dom_547abd0f._.js:8913:17)
    at recursivelyTraversePassiveUnmountEffects (http://localhost:3000/_next/static/chunks/8f226_next_dist_compiled_react-dom_547abd0f._.js:8887:106)
    at commitPassiveUnmountOnFiber (http://localhost:3000/_next/static/chunks/8f226_next_dist_compiled_react-dom_547abd0f._.js:8913:17)
    at recursivelyTraversePassiveUnmountEffects (http://localhost:3000/_next/static/chunks/8f226_next_dist_compiled_react-dom_547abd0f._.js:8887:106)
    at commitPassiveUnmountOnFiber (http://localhost:3000/_next/static/chunks/8f226_next_dist_compiled_react-dom_547abd0f._.js:8913:17)
    at recursivelyTraversePassiveUnmountEffects (http://localhost:3000/_next/static/chunks/8f226_next_dist_compiled_react-dom_547abd0f._.js:8887:106)
    at commitPassiveUnmountOnFiber (http://localhost:3000/_next/static/chunks/8f226_next_dist_compiled_react-dom_547abd0f._.js:8913:17)
    at recursivelyTraversePassiveUnmountEffects (http://localhost:3000/_next/static/chunks/8f226_next_dist_compiled_react-dom_547abd0f._.js:8887:106)
    at commitPassiveUnmountOnFiber (http://localhost:3000/_next/static/chunks/8f226_next_dist_compiled_react-dom_547abd0f._.js:8913:17)
    at recursivelyTraversePassiveUnmountEffects (http://localhost:3000/_next/static/chunks/8f226_next_dist_compiled_react-dom_547abd0f._.js:8887:106)
    at commitPassiveUnmountOnFiber (http://localhost:3000/_next/static/chunks/8f226_next_dist_compiled_react-dom_547abd0f._.js:8913:17)
    at recursivelyTraversePassiveUnmountEffects (http://localhost:3000/_next/static/chunks/8f226_next_dist_compiled_react-dom_547abd0f._.js:8887:106)
    at commitPassiveUnmountOnFiber (http://localhost:3000/_next/static/chunks/8f226_next_dist_compiled_react-dom_547abd0f._.js:8913:17)
    at recursivelyTraversePassiveUnmountEffects (http://localhost:3000/_next/static/chunks/8f226_next_dist_compiled_react-dom_547abd0f._.js:8887:106)
    at commitPassiveUnmountOnFiber (http://localhost:3000/_next/static/chunks/8f226_next_dist_compiled_react-dom_547abd0f._.js:8895:17)
    at recursivelyTraversePassiveUnmountEffects (http://localhost:3000/_next/static/chunks/8f226_next_dist_compiled_react-dom_547abd0f._.js:8887:106)
    at commitPassiveUnmountOnFiber (http://localhost:3000/_next/static/chunks/8f226_next_dist_compiled_react-dom_547abd0f._.js:8913:17)
    at recursivelyTraversePassiveUnmountEffects (http://localhost:3000/_next/static/chunks/8f226_next_dist_compiled_react-dom_547abd0f._.js:8887:106)
    at commitPassiveUnmountOnFiber (http://localhost:3000/_next/static/chunks/8f226_next_dist_compiled_react-dom_547abd0f._.js:8895:17)
    at recursivelyTraversePassiveUnmountEffects (http://localhost:3000/_next/static/chunks/8f226_next_dist_compiled_react-dom_547abd0f._.js:8887:106)
    at commitPassiveUnmountOnFiber (http://localhost:3000/_next/static/chunks/8f226_next_dist_compiled_react-dom_547abd0f._.js:8895:17)
    at recursivelyTraversePassiveUnmountEffects (http://localhost:3000/_next/static/chunks/8f226_next_dist_compiled_react-dom_547abd0f._.js:8887:106)
    at commitPassiveUnmountOnFiber (http://localhost:3000/_next/static/chunks/8f226_next_dist_compiled_react-dom_547abd0f._.js:8895:17)
    at recursivelyTraversePassiveUnmountEffects (http://localhost:3000/_next/static/chunks/8f226_next_dist_compiled_react-dom_547abd0f._.js:8887:106)
    at commitPassiveUnmountOnFiber (http://localhost:3000/_next/static/chunks/8f226_next_dist_compiled_react-dom_547abd0f._.js:8913:17)
    at recursivelyTraversePassiveUnmountEffects (http://localhost:3000/_next/static/chunks/8f226_next_dist_compiled_react-dom_547abd0f._.js:8887:106)
    at commitPassiveUnmountOnFiber (http://localhost:3000/_next/static/chunks/8f226_next_dist_compiled_react-dom_547abd0f._.js:8895:17)
    at recursivelyTraversePassiveUnmountEffects (http://localhost:3000/_next/static/chunks/8f226_next_dist_compiled_react-dom_547abd0f._.js:8887:106)
    at commitPassiveUnmountOnFiber (http://localhost:3000/_next/static/chunks/8f226_next_dist_compiled_react-dom_547abd0f._.js:8895:17)
    at recursivelyTraversePassiveUnmountEffects (http://localhost:3000/_next/static/chunks/8f226_next_dist_compiled_react-dom_547abd0f._.js:8887:106)
    at commitPassiveUnmountOnFiber (http://localhost:3000/_next/static/chunks/8f226_next_dist_compiled_react-dom_547abd0f._.js:8913:17)
    at recursivelyTraversePassiveUnmountEffects (http://localhost:3000/_next/static/chunks/8f226_next_dist_compiled_react-dom_547abd0f._.js:8887:106)
    at commitPassiveUnmountOnFiber (http://localhost:3000/_next/static/chunks/8f226_next_dist_compiled_react-dom_547abd0f._.js:8913:17)
    at recursivelyTraversePassiveUnmountEffects (http://localhost:3000/_next/static/chunks/8f226_next_dist_compiled_react-dom_547abd0f._.js:8887:106)
    at commitPassiveUnmountOnFiber (http://localhost:3000/_next/static/chunks/8f226_next_dist_compiled_react-dom_547abd0f._.js:8900:17)
    at flushPassiveEffects (http://localhost:3000/_next/static/chunks/8f226_next_dist_compiled_react-dom_547abd0f._.js:9971:13)
    at flushPendingEffects (http://localhost:3000/_next/static/chunks/8f226_next_dist_compiled_react-dom_547abd0f._.js:9936:16)
    at flushSpawnedWork (http://localhost:3000/_next/static/chunks/8f226_next_dist_compiled_react-dom_547abd0f._.js:9909:48)
