[      79ms] [LOG] [Fast Refresh] rebuilding @ http://localhost:3000/_next/static/chunks/8f226_next_dist_53dface4._.js:2297
[     357ms] [LOG] [Fast Refresh] done in 379ms @ http://localhost:3000/_next/static/chunks/8f226_next_dist_53dface4._.js:2297
[     493ms] [INFO] %cDownload the React DevTools for a better development experience: https://react.dev/link/react-devtools font-weight:bold @ http://localhost:3000/_next/static/chunks/8f226_next_dist_53dface4._.js:2297
[     554ms] [LOG] [HMR] connected @ http://localhost:3000/_next/static/chunks/8f226_next_dist_53dface4._.js:2297
[    1090ms] [LOG] %c[Vercel Web Analytics]%c Debug mode is enabled by default in development. No requests will be sent to the server. color: rgb(120, 120, 120) color: inherit @ http://localhost:3000/_next/static/chunks/8f226_next_dist_53dface4._.js:2297
[    1091ms] [LOG] %c[Vercel Web Analytics]%c Running queued event color: rgb(120, 120, 120) color: inherit pageview {route: /preview, path: /preview} @ http://localhost:3000/_next/static/chunks/8f226_next_dist_53dface4._.js:2297
[    1091ms] [LOG] %c[Vercel Web Analytics]%c [view] http://localhost:3000/preview color: rgb(120, 120, 120) color: inherit {o: http://localhost:3000/preview, sv: 0.1.3, sdkn: @vercel/analytics/next, sdkv: 1.6.1, ts: 1776681880655} /_vercel/insights/view @ http://localhost:3000/_next/static/chunks/8f226_next_dist_53dface4._.js:2297
[    1207ms] [LOG] [Fast Refresh] rebuilding @ http://localhost:3000/_next/static/chunks/8f226_next_dist_53dface4._.js:2297
[    1507ms] [LOG] [Fast Refresh] done in 400ms @ http://localhost:3000/_next/static/chunks/8f226_next_dist_53dface4._.js:2297
[   31758ms] [LOG] [Fast Refresh] rebuilding @ http://localhost:3000/_next/static/chunks/8f226_next_dist_53dface4._.js:2297
[   31950ms] [LOG] [Fast Refresh] done in 266ms @ http://localhost:3000/_next/static/chunks/8f226_next_dist_53dface4._.js:2297
[  173924ms] [LOG] [Fast Refresh] rebuilding @ http://localhost:3000/_next/static/chunks/8f226_next_dist_53dface4._.js:2297
[  174411ms] [LOG] [Fast Refresh] done in 584ms @ http://localhost:3000/_next/static/chunks/8f226_next_dist_53dface4._.js:2297
[ 1029073ms] [LOG] [Fast Refresh] rebuilding @ http://localhost:3000/_next/static/chunks/8f226_next_dist_53dface4._.js:2297
[ 1029329ms] [LOG] [Fast Refresh] done in 275ms @ http://localhost:3000/_next/static/chunks/8f226_next_dist_53dface4._.js:2297
[ 1057048ms] [LOG] [Fast Refresh] rebuilding @ http://localhost:3000/_next/static/chunks/8f226_next_dist_53dface4._.js:2297
[ 1057187ms] [LOG] [Fast Refresh] done in 239ms @ http://localhost:3000/_next/static/chunks/8f226_next_dist_53dface4._.js:2297
[ 1206172ms] [LOG] [Fast Refresh] rebuilding @ http://localhost:3000/_next/static/chunks/8f226_next_dist_53dface4._.js:2297
[ 1206584ms] [LOG] [Fast Refresh] done in 510ms @ http://localhost:3000/_next/static/chunks/8f226_next_dist_53dface4._.js:2297
[ 1207242ms] [INFO] %cDownload the React DevTools for a better development experience: https://react.dev/link/react-devtools font-weight:bold @ http://localhost:3000/_next/static/chunks/8f226_next_dist_53dface4._.js:2297
[ 1207283ms] [LOG] [HMR] connected @ http://localhost:3000/_next/static/chunks/8f226_next_dist_53dface4._.js:2297
[ 1207718ms] [LOG] %c[Vercel Web Analytics]%c Debug mode is enabled by default in development. No requests will be sent to the server. color: rgb(120, 120, 120) color: inherit @ http://localhost:3000/_next/static/chunks/8f226_next_dist_53dface4._.js:2297
[ 1207719ms] [LOG] %c[Vercel Web Analytics]%c Running queued event color: rgb(120, 120, 120) color: inherit pageview {route: /preview, path: /preview} @ http://localhost:3000/_next/static/chunks/8f226_next_dist_53dface4._.js:2297
[ 1207720ms] [LOG] %c[Vercel Web Analytics]%c [view] http://localhost:3000/preview color: rgb(120, 120, 120) color: inherit {o: http://localhost:3000/preview, sv: 0.1.3, sdkn: @vercel/analytics/next, sdkv: 1.6.1, ts: 1776683087283} /_vercel/insights/view @ http://localhost:3000/_next/static/chunks/8f226_next_dist_53dface4._.js:2297
[ 1207829ms] [LOG] [Fast Refresh] rebuilding @ http://localhost:3000/_next/static/chunks/8f226_next_dist_53dface4._.js:2297
[ 1207863ms] [LOG] [Fast Refresh] done in 134ms @ http://localhost:3000/_next/static/chunks/8f226_next_dist_53dface4._.js:2297
[ 1273078ms] [LOG] [Fast Refresh] rebuilding @ http://localhost:3000/_next/static/chunks/8f226_next_dist_53dface4._.js:2297
[ 1273214ms] [LOG] [Fast Refresh] done in 211ms @ http://localhost:3000/_next/static/chunks/8f226_next_dist_53dface4._.js:2297
[ 1277111ms] [LOG] [Fast Refresh] rebuilding @ http://localhost:3000/_next/static/chunks/8f226_next_dist_53dface4._.js:2297
[ 1277237ms] [LOG] [Fast Refresh] done in 201ms @ http://localhost:3000/_next/static/chunks/8f226_next_dist_53dface4._.js:2297
[ 1283043ms] [LOG] [Fast Refresh] rebuilding @ http://localhost:3000/_next/static/chunks/8f226_next_dist_53dface4._.js:2297
[ 1283246ms] [LOG] [Fast Refresh] done in 217ms @ http://localhost:3000/_next/static/chunks/8f226_next_dist_53dface4._.js:2297
[ 1287802ms] [LOG] [Fast Refresh] rebuilding @ http://localhost:3000/_next/static/chunks/8f226_next_dist_53dface4._.js:2297
[ 1288050ms] [LOG] [Fast Refresh] done in 208ms @ http://localhost:3000/_next/static/chunks/8f226_next_dist_53dface4._.js:2297
[ 1304971ms] [LOG] [Fast Refresh] rebuilding @ http://localhost:3000/_next/static/chunks/8f226_next_dist_53dface4._.js:2297
[ 1306475ms] [LOG] [Fast Refresh] done in 1603ms @ http://localhost:3000/_next/static/chunks/8f226_next_dist_53dface4._.js:2297
[ 1328320ms] [LOG] [Fast Refresh] rebuilding @ http://localhost:3000/_next/static/chunks/8f226_next_dist_53dface4._.js:2297
[ 1328585ms] [LOG] [Fast Refresh] done in 265ms @ http://localhost:3000/_next/static/chunks/8f226_next_dist_53dface4._.js:2297
[ 1333431ms] [LOG] [Fast Refresh] rebuilding @ http://localhost:3000/_next/static/chunks/8f226_next_dist_53dface4._.js:2297
[ 1333623ms] [LOG] [Fast Refresh] done in 219ms @ http://localhost:3000/_next/static/chunks/8f226_next_dist_53dface4._.js:2297
[ 1349490ms] [LOG] [Fast Refresh] rebuilding @ http://localhost:3000/_next/static/chunks/8f226_next_dist_53dface4._.js:2297
[ 1350991ms] [LOG] [Fast Refresh] done in 1600ms @ http://localhost:3000/_next/static/chunks/8f226_next_dist_53dface4._.js:2297
[ 1380659ms] [LOG] [Fast Refresh] rebuilding @ http://localhost:3000/_next/static/chunks/8f226_next_dist_53dface4._.js:2297
[ 1380669ms] [LOG] [Fast Refresh] done in 110ms @ http://localhost:3000/_next/static/chunks/8f226_next_dist_53dface4._.js:2297
